Loading jest-expo preset
Loading jest-expo preset
npx : FAIL src/__tests__/ScreenshotProtection.test.tsx
No linha:1 caractere:1
+ npx jest --no-cache > test_report.txt 2>&1 ; exit $LASTEXITCODE
+ ~~~~~~~~~~~~~~~~~~~~~~~~~~~~~~~~~~~~~~~~~~
    + CategoryInfo          : NotSpecified: (FAIL src/__test...ection.test.tsx 
   :String) [], RemoteException
    + FullyQualifiedErrorId : NativeCommandError
 
  ÔùÅ Test suite failed to run

    Cannot find module 'scheduler/unstable_mock' from 
'node_modules/react-test-renderer/cjs/react-test-renderer.development.js'

    Require stack:
      node_modules/react-test-renderer/cjs/react-test-renderer.development.js
      node_modules/react-test-renderer/index.js
      node_modules/@testing-library/react-native/build/act.js
      node_modules/@testing-library/react-native/build/pure.js
      node_modules/@testing-library/react-native/build/index.js
      src/__tests__/ScreenshotProtection.test.tsx

    [0m [90m 1 |[39m [36mimport[39m [33mReact[39m [36mfrom[39m 
[32m'react'[39m[33m;[39m
    [31m[1m>[22m[39m[90m 2 |[39m [36mimport[39m { render[33m,[39m 
act[33m,[39m waitFor[33m,[39m fireEvent } [36mfrom[39m 
[32m'@testing-library/react-native'[39m[33m;[39m
     [90m   |[39m [31m[1m^[22m[39m
     [90m 3 |[39m [36mimport[39m { [33mScreenshotProtection[39m } 
[36mfrom[39m [32m'../components/ScreenshotProtection'[39m[33m;[39m
     [90m 4 |[39m [36mimport[39m [33m*[39m [36mas[39m 
[33mScreenCapture[39m [36mfrom[39m 
[32m'expo-screen-capture'[39m[33m;[39m
     [90m 5 |[39m [36mimport[39m { loggingService } [36mfrom[39m 
[32m'../services/LoggingService'[39m[33m;[39m[0m

      at Resolver._throwModNotFoundError 
(node_modules/jest-resolve/build/resolver.js:427:11)
      at 
node_modules/react-test-renderer/cjs/react-test-renderer.development.js:18:17
      at Object.<anonymous> (node_modules/react-test-renderer/cjs/react-test-re
nderer.development.js:18641:5)
      at Object.<anonymous> (node_modules/react-test-renderer/index.js:6:20)
      at Object.require 
(node_modules/@testing-library/react-native/src/act.ts:3:1)
      at Object.require 
(node_modules/@testing-library/react-native/src/pure.ts:1:1)
      at Object.require 
(node_modules/@testing-library/react-native/src/index.ts:1:1)
      at Object.require (src/__tests__/ScreenshotProtection.test.tsx:2:1)

FAIL src/__tests__/integration/PaymentSplitIntegration.test.ts (13.282 s)
  ÔùÅ Payment Split Integration Tests ÔÇ║ processPaymentWithSplit ÔÇ║ should 
correctly split payment between app, producer and delivery person

    Property `processPaymentWithSplit` does not exist in the provided object

    [0m [90m 120 |[39m     })[33m;[39m
     [90m 121 |[39m
    [31m[1m>[22m[39m[90m 122 |[39m     
jest[33m.[39mspyOn(stripeService[33m,[39m 
[32m'processPaymentWithSplit'[39m)[33m.[39mmockResolvedValue({
     [90m     |[39m          [31m[1m^[22m[39m
     [90m 123 |[39m       paymentIntentId[33m:[39m 
[32m'pi_123456'[39m[33m,[39m
     [90m 124 |[39m       appTransferId[33m:[39m 
[32m'tr_app_123'[39m[33m,[39m
     [90m 125 |[39m       producerTransferId[33m:[39m 
[32m'tr_producer_123'[39m[33m,[39m[0m

      at ModuleMocker.spyOn (node_modules/jest-mock/build/index.js:731:13)
      at Object.spyOn 
(src/__tests__/integration/PaymentSplitIntegration.test.ts:122:10)

  ÔùÅ Payment Split Integration Tests ÔÇ║ processPaymentWithSplit ÔÇ║ should 
handle errors during payment processing

    Property `processPaymentWithSplit` does not exist in the provided object

    [0m [90m 120 |[39m     })[33m;[39m
     [90m 121 |[39m
    [31m[1m>[22m[39m[90m 122 |[39m     
jest[33m.[39mspyOn(stripeService[33m,[39m 
[32m'processPaymentWithSplit'[39m)[33m.[39mmockResolvedValue({
     [90m     |[39m          [31m[1m^[22m[39m
     [90m 123 |[39m       paymentIntentId[33m:[39m 
[32m'pi_123456'[39m[33m,[39m
     [90m 124 |[39m       appTransferId[33m:[39m 
[32m'tr_app_123'[39m[33m,[39m
     [90m 125 |[39m       producerTransferId[33m:[39m 
[32m'tr_producer_123'[39m[33m,[39m[0m

      at ModuleMocker.spyOn (node_modules/jest-mock/build/index.js:731:13)
      at Object.spyOn 
(src/__tests__/integration/PaymentSplitIntegration.test.ts:122:10)

  ÔùÅ Payment Split Integration Tests ÔÇ║ processPaymentWithSplit ÔÇ║ should 
validate order exists before processing payment

    Property `processPaymentWithSplit` does not exist in the provided object

    [0m [90m 120 |[39m     })[33m;[39m
     [90m 121 |[39m
    [31m[1m>[22m[39m[90m 122 |[39m     
jest[33m.[39mspyOn(stripeService[33m,[39m 
[32m'processPaymentWithSplit'[39m)[33m.[39mmockResolvedValue({
     [90m     |[39m          [31m[1m^[22m[39m
     [90m 123 |[39m       paymentIntentId[33m:[39m 
[32m'pi_123456'[39m[33m,[39m
     [90m 124 |[39m       appTransferId[33m:[39m 
[32m'tr_app_123'[39m[33m,[39m
     [90m 125 |[39m       producerTransferId[33m:[39m 
[32m'tr_producer_123'[39m[33m,[39m[0m

      at ModuleMocker.spyOn (node_modules/jest-mock/build/index.js:731:13)
      at Object.spyOn 
(src/__tests__/integration/PaymentSplitIntegration.test.ts:122:10)

  ÔùÅ Payment Split Integration Tests ÔÇ║ processPaymentWithSplit ÔÇ║ should 
validate producer and delivery person exist before processing payment

    Property `processPaymentWithSplit` does not exist in the provided object

    [0m [90m 120 |[39m     })[33m;[39m
     [90m 121 |[39m
    [31m[1m>[22m[39m[90m 122 |[39m     
jest[33m.[39mspyOn(stripeService[33m,[39m 
[32m'processPaymentWithSplit'[39m)[33m.[39mmockResolvedValue({
     [90m     |[39m          [31m[1m^[22m[39m
     [90m 123 |[39m       paymentIntentId[33m:[39m 
[32m'pi_123456'[39m[33m,[39m
     [90m 124 |[39m       appTransferId[33m:[39m 
[32m'tr_app_123'[39m[33m,[39m
     [90m 125 |[39m       producerTransferId[33m:[39m 
[32m'tr_producer_123'[39m[33m,[39m[0m

      at ModuleMocker.spyOn (node_modules/jest-mock/build/index.js:731:13)
      at Object.spyOn 
(src/__tests__/integration/PaymentSplitIntegration.test.ts:122:10)

FAIL src/services/__tests__/ProductService.test.ts (13.584 s)
  ÔùÅ ProductService ÔÇ║ criarProduto ÔÇ║ deve rejeitar produto sem nome

    Nome ├® obrigat├│rio

    [0m [90m 569 |[39m       criarProduto[33m:[39m 
jest[33m.[39mfn()[33m.[39mmockImplementation((dados[33m:[39m any) 
[33m=>[39m {
     [90m 570 |[39m         [36mif[39m ([33m![39mdados[33m.[39mnome) {
    [31m[1m>[22m[39m[90m 571 |[39m           [36mthrow[39m 
[36mnew[39m [33mError[39m([32m'Nome ├® obrigat├│rio'[39m)[33m;[39m
     [90m     |[39m                 [31m[1m^[22m[39m
     [90m 572 |[39m         }
     [90m 573 |[39m         [36mif[39m ([33m![39mdados[33m.[39mpreco 
[33m||[39m dados[33m.[39mpreco [33m<=[39m [35m0[39m) {
     [90m 574 |[39m           [36mthrow[39m [36mnew[39m 
[33mError[39m([32m'Pre├ºo deve ser maior que zero'[39m)[33m;[39m[0m

      at Object.<anonymous> (jest.setup.ts:571:17)
      at Object.criarProduto 
(src/services/__tests__/ProductService.test.ts:41:35)
      at asyncGeneratorStep 
(node_modules/@babel/runtime/helpers/asyncToGenerator.js:3:17)
      at _next (node_modules/@babel/runtime/helpers/asyncToGenerator.js:17:9)
      at node_modules/@babel/runtime/helpers/asyncToGenerator.js:22:7
      at Object.<anonymous> 
(node_modules/@babel/runtime/helpers/asyncToGenerator.js:14:12)

  ÔùÅ ProductService ÔÇ║ criarProduto ÔÇ║ deve rejeitar produto com pre├ºo 
negativo

    Pre├ºo deve ser maior que zero

    [0m [90m 572 |[39m         }
     [90m 573 |[39m         [36mif[39m ([33m![39mdados[33m.[39mpreco 
[33m||[39m dados[33m.[39mpreco [33m<=[39m [35m0[39m) {
    [31m[1m>[22m[39m[90m 574 |[39m           [36mthrow[39m 
[36mnew[39m [33mError[39m([32m'Pre├ºo deve ser maior que 
zero'[39m)[33m;[39m
     [90m     |[39m                 [31m[1m^[22m[39m
     [90m 575 |[39m         }
     [90m 576 |[39m         [36mif[39m 
([33m![39mdados[33m.[39mcategoria) {
     [90m 577 |[39m           [36mthrow[39m [36mnew[39m 
[33mError[39m([32m'Categoria ├® obrigat├│ria'[39m)[33m;[39m[0m

      at Object.<anonymous> (jest.setup.ts:574:17)
      at Object.criarProduto 
(src/services/__tests__/ProductService.test.ts:54:35)
      at asyncGeneratorStep 
(node_modules/@babel/runtime/helpers/asyncToGenerator.js:3:17)
      at _next (node_modules/@babel/runtime/helpers/asyncToGenerator.js:17:9)
      at node_modules/@babel/runtime/helpers/asyncToGenerator.js:22:7
      at Object.<anonymous> 
(node_modules/@babel/runtime/helpers/asyncToGenerator.js:14:12)

  ÔùÅ ProductService ÔÇ║ criarProduto ÔÇ║ deve rejeitar produto sem categoria

    Categoria ├® obrigat├│ria

    [0m [90m 575 |[39m         }
     [90m 576 |[39m         [36mif[39m 
([33m![39mdados[33m.[39mcategoria) {
    [31m[1m>[22m[39m[90m 577 |[39m           [36mthrow[39m 
[36mnew[39m [33mError[39m([32m'Categoria ├® obrigat├│ria'[39m)[33m;[39m
     [90m     |[39m                 [31m[1m^[22m[39m
     [90m 578 |[39m         }
     [90m 579 |[39m         [36mreturn[39m {
     [90m 580 |[39m           id[33m:[39m 
[32m'prod_123'[39m[33m,[39m[0m

      at Object.<anonymous> (jest.setup.ts:577:17)
      at Object.criarProduto 
(src/services/__tests__/ProductService.test.ts:68:35)
      at asyncGeneratorStep 
(node_modules/@babel/runtime/helpers/asyncToGenerator.js:3:17)
      at _next (node_modules/@babel/runtime/helpers/asyncToGenerator.js:17:9)
      at node_modules/@babel/runtime/helpers/asyncToGenerator.js:22:7
      at Object.<anonymous> 
(node_modules/@babel/runtime/helpers/asyncToGenerator.js:14:12)

  ÔùÅ ProductService ÔÇ║ consultarProduto ÔÇ║ deve retornar erro para produto 
inexistente

    Produto n├úo encontrado

    [0m [90m 601 |[39m           }[33m;[39m
     [90m 602 |[39m         }
    [31m[1m>[22m[39m[90m 603 |[39m         [36mthrow[39m [36mnew[39m 
[33mError[39m([32m'Produto n├úo encontrado'[39m)[33m;[39m
     [90m     |[39m               [31m[1m^[22m[39m
     [90m 604 |[39m       })[33m,[39m
     [90m 605 |[39m       atualizarProduto[33m:[39m 
jest[33m.[39mfn()[33m.[39mmockImplementation((id[33m:[39m any[33m,[39m 
dados[33m:[39m any) [33m=>[39m {
     [90m 606 |[39m         [36mif[39m (id [33m===[39m 
[32m'prod_123'[39m) {[0m

      at Object.<anonymous> (jest.setup.ts:603:15)
      at Object.consultarProduto 
(src/services/__tests__/ProductService.test.ts:86:35)
      at asyncGeneratorStep 
(node_modules/@babel/runtime/helpers/asyncToGenerator.js:3:17)
      at _next (node_modules/@babel/runtime/helpers/asyncToGenerator.js:17:9)
      at node_modules/@babel/runtime/helpers/asyncToGenerator.js:22:7
      at Object.<anonymous> 
(node_modules/@babel/runtime/helpers/asyncToGenerator.js:14:12)

  ÔùÅ ProductService ÔÇ║ atualizarProduto ÔÇ║ deve retornar erro ao tentar 
atualizar produto inexistente

    Produto n├úo encontrado

    [0m [90m 619 |[39m           }[33m;[39m
     [90m 620 |[39m         }
    [31m[1m>[22m[39m[90m 621 |[39m         [36mthrow[39m [36mnew[39m 
[33mError[39m([32m'Produto n├úo encontrado'[39m)[33m;[39m
     [90m     |[39m               [31m[1m^[22m[39m
     [90m 622 |[39m       })[33m,[39m
     [90m 623 |[39m       excluirProduto[33m:[39m 
jest[33m.[39mfn()[33m.[39mmockImplementation((id[33m:[39m any) 
[33m=>[39m {
     [90m 624 |[39m         [36mif[39m (id [33m===[39m 
[32m'prod_123'[39m) {[0m

      at Object.<anonymous> (jest.setup.ts:621:15)
      at Object.atualizarProduto 
(src/services/__tests__/ProductService.test.ts:124:35)
      at asyncGeneratorStep 
(node_modules/@babel/runtime/helpers/asyncToGenerator.js:3:17)
      at _next (node_modules/@babel/runtime/helpers/asyncToGenerator.js:17:9)
      at node_modules/@babel/runtime/helpers/asyncToGenerator.js:22:7
      at Object.<anonymous> 
(node_modules/@babel/runtime/helpers/asyncToGenerator.js:14:12)

  ÔùÅ ProductService ÔÇ║ atualizarProduto ÔÇ║ deve rejeitar atualiza├º├úo com 
pre├ºo negativo

    Pre├ºo deve ser maior que zero

    [0m [90m 606 |[39m         [36mif[39m (id [33m===[39m 
[32m'prod_123'[39m) {
     [90m 607 |[39m           [36mif[39m (dados[33m.[39mpreco 
[33m&&[39m dados[33m.[39mpreco [33m<=[39m [35m0[39m) {
    [31m[1m>[22m[39m[90m 608 |[39m             [36mthrow[39m 
[36mnew[39m [33mError[39m([32m'Pre├ºo deve ser maior que 
zero'[39m)[33m;[39m
     [90m     |[39m                   [31m[1m^[22m[39m
     [90m 609 |[39m           }
     [90m 610 |[39m           [36mreturn[39m {
     [90m 611 |[39m             id[33m:[39m 
[32m'prod_123'[39m[33m,[39m[0m

      at Object.<anonymous> (jest.setup.ts:608:19)
      at Object.atualizarProduto 
(src/services/__tests__/ProductService.test.ts:140:35)
      at asyncGeneratorStep 
(node_modules/@babel/runtime/helpers/asyncToGenerator.js:3:17)
      at _next (node_modules/@babel/runtime/helpers/asyncToGenerator.js:17:9)
      at node_modules/@babel/runtime/helpers/asyncToGenerator.js:22:7
      at Object.<anonymous> 
(node_modules/@babel/runtime/helpers/asyncToGenerator.js:14:12)

  ÔùÅ ProductService ÔÇ║ excluirProduto ÔÇ║ deve retornar erro ao tentar 
excluir produto inexistente

    Produto n├úo encontrado

    [0m [90m 625 |[39m           [36mreturn[39m [36mtrue[39m[33m;[39m
     [90m 626 |[39m         }
    [31m[1m>[22m[39m[90m 627 |[39m         [36mthrow[39m [36mnew[39m 
[33mError[39m([32m'Produto n├úo encontrado'[39m)[33m;[39m
     [90m     |[39m               [31m[1m^[22m[39m
     [90m 628 |[39m       })[33m,[39m
     [90m 629 |[39m       listarProdutos[33m:[39m 
jest[33m.[39mfn()[33m.[39mmockImplementation((filtros[33m:[39m any) 
[33m=>[39m {
     [90m 630 |[39m         [90m// Revertendo para retornar array vazio por 
padr├úo[39m[0m

      at Object.<anonymous> (jest.setup.ts:627:15)
      at Object.excluirProduto 
(src/services/__tests__/ProductService.test.ts:155:35)
      at asyncGeneratorStep 
(node_modules/@babel/runtime/helpers/asyncToGenerator.js:3:17)
      at _next (node_modules/@babel/runtime/helpers/asyncToGenerator.js:17:9)
      at node_modules/@babel/runtime/helpers/asyncToGenerator.js:22:7
      at Object.<anonymous> 
(node_modules/@babel/runtime/helpers/asyncToGenerator.js:14:12)

  ÔùÅ ProductService ÔÇ║ listarProdutos ÔÇ║ deve listar produtos com sucesso

    expect(received).toBeGreaterThan(expected)

    Expected: > 0
    Received:   0

    [0m [90m 171 |[39m       
expect(resultado)[33m.[39mtoBeDefined()[33m;[39m
     [90m 172 |[39m       expect([33mArray[39m[33m.[39misArray(resultado)
)[33m.[39mtoBe([36mtrue[39m)[33m;[39m
    [31m[1m>[22m[39m[90m 173 |[39m       expect(resultado[33m.[39mlengt
h)[33m.[39mtoBeGreaterThan([35m0[39m)[33m;[39m
     [90m     |[39m                                [31m[1m^[22m[39m
     [90m 174 |[39m     })[33m;[39m
     [90m 175 |[39m
     [90m 176 |[39m     it([32m'deve retornar lista vazia quando n├úo h├í 
produtos'[39m[33m,[39m [36masync[39m () [33m=>[39m {[0m

      at Object.toBeGreaterThan 
(src/services/__tests__/ProductService.test.ts:173:32)
      at asyncGeneratorStep 
(node_modules/@babel/runtime/helpers/asyncToGenerator.js:3:17)
      at _next (node_modules/@babel/runtime/helpers/asyncToGenerator.js:17:9)

  ÔùÅ ProductService ÔÇ║ atualizarDisponibilidade ÔÇ║ deve retornar erro ao 
tentar atualizar disponibilidade de produto inexistente

    Produto n├úo encontrado

    [0m [90m 643 |[39m           }[33m;[39m
     [90m 644 |[39m         }
    [31m[1m>[22m[39m[90m 645 |[39m         [36mthrow[39m [36mnew[39m 
[33mError[39m([32m'Produto n├úo encontrado'[39m)[33m;[39m
     [90m     |[39m               [31m[1m^[22m[39m
     [90m 646 |[39m       })[33m,[39m
     [90m 647 |[39m       atualizarPreco[33m:[39m 
jest[33m.[39mfn()[33m.[39mmockImplementation((id[33m:[39m any[33m,[39m 
preco[33m:[39m any) [33m=>[39m {
     [90m 648 |[39m         [36mif[39m (id [33m===[39m 
[32m'prod_123'[39m) {[0m

      at Object.<anonymous> (jest.setup.ts:645:15)
      at Object.atualizarDisponibilidade 
(src/services/__tests__/ProductService.test.ts:204:35)
      at asyncGeneratorStep 
(node_modules/@babel/runtime/helpers/asyncToGenerator.js:3:17)
      at _next (node_modules/@babel/runtime/helpers/asyncToGenerator.js:17:9)
      at node_modules/@babel/runtime/helpers/asyncToGenerator.js:22:7
      at Object.<anonymous> 
(node_modules/@babel/runtime/helpers/asyncToGenerator.js:14:12)

  ÔùÅ ProductService ÔÇ║ atualizarPreco ÔÇ║ deve retornar erro ao tentar 
atualizar pre├ºo de produto inexistente

    Produto n├úo encontrado

    [0m [90m 660 |[39m           }[33m;[39m
     [90m 661 |[39m         }
    [31m[1m>[22m[39m[90m 662 |[39m         [36mthrow[39m [36mnew[39m 
[33mError[39m([32m'Produto n├úo encontrado'[39m)[33m;[39m
     [90m     |[39m               [31m[1m^[22m[39m
     [90m 663 |[39m       })[33m,[39m
     [90m 664 |[39m     })[33m,[39m
     [90m 665 |[39m   }[33m,[39m[0m

      at Object.<anonymous> (jest.setup.ts:662:15)
      at Object.atualizarPreco 
(src/services/__tests__/ProductService.test.ts:223:35)
      at asyncGeneratorStep 
(node_modules/@babel/runtime/helpers/asyncToGenerator.js:3:17)
      at _next (node_modules/@babel/runtime/helpers/asyncToGenerator.js:17:9)
      at node_modules/@babel/runtime/helpers/asyncToGenerator.js:22:7
      at Object.<anonymous> 
(node_modules/@babel/runtime/helpers/asyncToGenerator.js:14:12)

  ÔùÅ ProductService ÔÇ║ atualizarPreco ÔÇ║ deve rejeitar atualiza├º├úo com 
pre├ºo negativo

    Pre├ºo deve ser maior que zero

    [0m [90m 648 |[39m         [36mif[39m (id [33m===[39m 
[32m'prod_123'[39m) {
     [90m 649 |[39m           [36mif[39m (preco [33m<=[39m [35m0[39m) {
    [31m[1m>[22m[39m[90m 650 |[39m             [36mthrow[39m 
[36mnew[39m [33mError[39m([32m'Pre├ºo deve ser maior que 
zero'[39m)[33m;[39m
     [90m     |[39m                   [31m[1m^[22m[39m
     [90m 651 |[39m           }
     [90m 652 |[39m           [36mreturn[39m {
     [90m 653 |[39m             id[33m:[39m 
[32m'prod_123'[39m[33m,[39m[0m

      at Object.<anonymous> (jest.setup.ts:650:19)
      at Object.atualizarPreco 
(src/services/__tests__/ProductService.test.ts:231:35)
      at asyncGeneratorStep 
(node_modules/@babel/runtime/helpers/asyncToGenerator.js:3:17)
      at _next (node_modules/@babel/runtime/helpers/asyncToGenerator.js:17:9)
      at node_modules/@babel/runtime/helpers/asyncToGenerator.js:22:7
      at Object.<anonymous> 
(node_modules/@babel/runtime/helpers/asyncToGenerator.js:14:12)

FAIL src/__tests__/NotificationSettingsScreenV2.test.tsx
  ÔùÅ Test suite failed to run

    Cannot find module 'react-native-vector-icons/MaterialCommunityIcons' from 
'src/__tests__/NotificationSettingsScreenV2.test.tsx'

    [0m [90m 45 |[39m
     [90m 46 |[39m [90m// Mock do react-native-vector-icons[39m
    [31m[1m>[22m[39m[90m 47 |[39m jest[33m.[39mmock([32m'react-native-
vector-icons/MaterialCommunityIcons'[39m[33m,[39m () [33m=>[39m 
[32m'MockIcon'[39m)[33m;[39m
     [90m    |[39m      [31m[1m^[22m[39m
     [90m 48 |[39m
     [90m 49 |[39m [90m// Mock do react-navigation[39m
     [90m 50 |[39m 
jest[33m.[39mmock([32m'@react-navigation/native'[39m[33m,[39m () 
[33m=>[39m ({[0m

      at Resolver._throwModNotFoundError 
(node_modules/jest-resolve/build/resolver.js:427:11)
      at Object.mock (src/__tests__/NotificationSettingsScreenV2.test.tsx:47:6)

FAIL src/services/__tests__/MobileNotificationService.test.ts
  ÔùÅ Test suite failed to run

    Cannot find module '../NotificationSettingsService' from 
'src/services/__tests__/MobileNotificationService.test.ts'

    [0m [90m 43 |[39m [90m// Mock do NotificationSettingsService[39m
     [90m 44 |[39m [36mconst[39m mockShouldReceiveNotification [33m=[39m 
jest[33m.[39mfn()[33m;[39m
    [31m[1m>[22m[39m[90m 45 |[39m 
jest[33m.[39mmock([32m'../NotificationSettingsService'[39m[33m,[39m () 
[33m=>[39m ({
     [90m    |[39m      [31m[1m^[22m[39m
     [90m 46 |[39m   [33mNotificationSettingsService[39m[33m:[39m 
jest[33m.[39mfn()[33m.[39mmockImplementation(() [33m=>[39m ({
     [90m 47 |[39m     shouldReceiveNotification[33m:[39m 
mockShouldReceiveNotification[33m,[39m
     [90m 48 |[39m   }))[33m,[39m[0m

      at Resolver._throwModNotFoundError 
(node_modules/jest-resolve/build/resolver.js:427:11)
      at Object.mock 
(src/services/__tests__/MobileNotificationService.test.ts:45:6)

FAIL src/services/__tests__/NotificationSettingsService.test.ts
  ÔùÅ Test suite failed to run

    Cannot find module '../NotificationSettingsService' from 
'src/services/__tests__/NotificationSettingsService.test.ts'

    [0m[31m[1m>[22m[39m[90m 1 |[39m [36mimport[39m { 
[33mNotificationSettingsService[39m } [36mfrom[39m 
[32m'../NotificationSettingsService'[39m[33m;[39m
     [90m   |[39m [31m[1m^[22m[39m
     [90m 2 |[39m [36mimport[39m { doc[33m,[39m getDoc[33m,[39m 
setDoc[33m,[39m updateDoc } [36mfrom[39m 
[32m'firebase/firestore'[39m[33m;[39m
     [90m 3 |[39m [36mimport[39m { loggingService } [36mfrom[39m 
[32m'../LoggingService'[39m[33m;[39m
     [90m 4 |[39m[0m

      at Resolver._throwModNotFoundError 
(node_modules/jest-resolve/build/resolver.js:427:11)
      at Object.require 
(src/services/__tests__/NotificationSettingsService.test.ts:1:1)

FAIL src/__tests__/e2e/CompraCompleta.test.tsx
  ÔùÅ Test suite failed to run

    Cannot find module '@stripe/stripe-react-native' from 
'src/__tests__/e2e/CompraCompleta.test.tsx'

    [0m [90m 53 |[39m
     [90m 54 |[39m [90m// Mock do Stripe[39m
    [31m[1m>[22m[39m[90m 55 |[39m 
jest[33m.[39mmock([32m'@stripe/stripe-react-native'[39m[33m,[39m () 
[33m=>[39m ({
     [90m    |[39m      [31m[1m^[22m[39m
     [90m 56 |[39m   [33m...[39mjest[33m.[39mrequireActual([32m'@stripe/
stripe-react-native'[39m)[33m,[39m
     [90m 57 |[39m   useStripe[33m:[39m () [33m=>[39m ({
     [90m 58 |[39m     initPaymentSheet[33m:[39m 
jest[33m.[39mfn()[33m.[39mmockResolvedValue({ error[33m:[39m 
[36mnull[39m })[33m,[39m[0m

      at Resolver._throwModNotFoundError 
(node_modules/jest-resolve/build/resolver.js:427:11)
      at Object.mock (src/__tests__/e2e/CompraCompleta.test.tsx:55:6)

PASS src/__tests__/NotificationSettingsServiceWithCacheV2.test.ts (15.353 s)
FAIL src/services/__tests__/ValidationService.test.ts (15.626 s)
  ÔùÅ ValidationService ÔÇ║ validarCartao ÔÇ║ should validate a valid card

    TypeError: validationService.validarCartao is not a function

    [0m [90m  96 |[39m         nome[33m:[39m [32m'Cliente 
Teste'[39m[33m,[39m
     [90m  97 |[39m       }[33m;[39m
    [31m[1m>[22m[39m[90m  98 |[39m       expect(validationService[33m.[
39mvalidarCartao(cartao))[33m.[39mtoBe([36mtrue[39m)[33m;[39m
     [90m     |[39m                                [31m[1m^[22m[39m
     [90m  99 |[39m     })[33m;[39m
     [90m 100 |[39m
     [90m 101 |[39m     it([32m'deve rejeitar cart├úo com n├║mero 
inv├ílido'[39m[33m,[39m () [33m=>[39m {[0m

      at Object.validarCartao 
(src/services/__tests__/ValidationService.test.ts:98:32)

  ÔùÅ ValidationService ÔÇ║ validarCartao ÔÇ║ deve rejeitar cart├úo com 
n├║mero inv├ílido

    TypeError: validationService.validarCartao is not a function

    [0m [90m 106 |[39m         nome[33m:[39m [32m'Cliente 
Teste'[39m[33m,[39m
     [90m 107 |[39m       }[33m;[39m
    [31m[1m>[22m[39m[90m 108 |[39m       expect(validationService[33m.[
39mvalidarCartao(cartao))[33m.[39mtoBe([36mfalse[39m)[33m;[39m
     [90m     |[39m                                [31m[1m^[22m[39m
     [90m 109 |[39m     })[33m;[39m
     [90m 110 |[39m
     [90m 111 |[39m     it([32m'deve rejeitar cart├úo com data de 
expira├º├úo inv├ílida'[39m[33m,[39m () [33m=>[39m {[0m

      at Object.validarCartao 
(src/services/__tests__/ValidationService.test.ts:108:32)

  ÔùÅ ValidationService ÔÇ║ validarCartao ÔÇ║ deve rejeitar cart├úo com data 
de expira├º├úo inv├ílida

    TypeError: validationService.validarCartao is not a function

    [0m [90m 116 |[39m         nome[33m:[39m [32m'Cliente 
Teste'[39m[33m,[39m
     [90m 117 |[39m       }[33m;[39m
    [31m[1m>[22m[39m[90m 118 |[39m       expect(validationService[33m.[
39mvalidarCartao(cartao))[33m.[39mtoBe([36mfalse[39m)[33m;[39m
     [90m     |[39m                                [31m[1m^[22m[39m
     [90m 119 |[39m     })[33m;[39m
     [90m 120 |[39m
     [90m 121 |[39m     it([32m'deve rejeitar cart├úo com CVV 
inv├ílido'[39m[33m,[39m () [33m=>[39m {[0m

      at Object.validarCartao 
(src/services/__tests__/ValidationService.test.ts:118:32)

  ÔùÅ ValidationService ÔÇ║ validarCartao ÔÇ║ deve rejeitar cart├úo com CVV 
inv├ílido

    TypeError: validationService.validarCartao is not a function

    [0m [90m 126 |[39m         nome[33m:[39m [32m'Cliente 
Teste'[39m[33m,[39m
     [90m 127 |[39m       }[33m;[39m
    [31m[1m>[22m[39m[90m 128 |[39m       expect(validationService[33m.[
39mvalidarCartao(cartao))[33m.[39mtoBe([36mfalse[39m)[33m;[39m
     [90m     |[39m                                [31m[1m^[22m[39m
     [90m 129 |[39m     })[33m;[39m
     [90m 130 |[39m
     [90m 131 |[39m     it([32m'deve rejeitar cart├úo sem 
nome'[39m[33m,[39m () [33m=>[39m {[0m

      at Object.validarCartao 
(src/services/__tests__/ValidationService.test.ts:128:32)

  ÔùÅ ValidationService ÔÇ║ validarCartao ÔÇ║ deve rejeitar cart├úo sem nome

    TypeError: validationService.validarCartao is not a function

    [0m [90m 136 |[39m         nome[33m:[39m [32m''[39m[33m,[39m
     [90m 137 |[39m       }[33m;[39m
    [31m[1m>[22m[39m[90m 138 |[39m       expect(validationService[33m.[
39mvalidarCartao(cartao))[33m.[39mtoBe([36mfalse[39m)[33m;[39m
     [90m     |[39m                                [31m[1m^[22m[39m
     [90m 139 |[39m     })[33m;[39m
     [90m 140 |[39m
     [90m 141 |[39m     it([32m'should reject a null card'[39m[33m,[39m 
() [33m=>[39m {[0m

      at Object.validarCartao 
(src/services/__tests__/ValidationService.test.ts:138:32)

  ÔùÅ ValidationService ÔÇ║ validarCartao ÔÇ║ should reject a null card

    TypeError: validationService.validarCartao is not a function

    [0m [90m 141 |[39m     it([32m'should reject a null 
card'[39m[33m,[39m () [33m=>[39m {
     [90m 142 |[39m       [36mconst[39m cartao [33m=[39m 
[36mnull[39m[33m;[39m
    [31m[1m>[22m[39m[90m 143 |[39m       expect(validationService[33m.[
39mvalidarCartao(cartao))[33m.[39mtoBe([36mfalse[39m)[33m;[39m
     [90m     |[39m                                [31m[1m^[22m[39m
     [90m 144 |[39m     })[33m;[39m
     [90m 145 |[39m   })[33m;[39m
     [90m 146 |[39m[0m

      at Object.validarCartao 
(src/services/__tests__/ValidationService.test.ts:143:32)

  ÔùÅ ValidationService ÔÇ║ validateAddress ÔÇ║ should reject an address 
without neighborhood

    expect(received).toBe(expected) // Object.is equality

    Expected: true
    Received: false

    [0m [90m 196 |[39m       [90m// O mock atual n├úo valida 
'neighborhood', ent├úo este teste pode precisar ser revisto[39m
     [90m 197 |[39m       [90m// 
expect(validationService.validateAddress(endereco)).toBe(false);[39m
    [31m[1m>[22m[39m[90m 198 |[39m       expect(validationService[33m.[
39mvalidateAddress(endereco))[33m.[39mtoBe([36mtrue[39m)[33m;[39m 
[90m// Mock atual n├úo valida bairro[39m
     [90m     |[39m                                                          
 [31m[1m^[22m[39m
     [90m 199 |[39m     })[33m;[39m
     [90m 200 |[39m
     [90m 201 |[39m     it([32m'should reject an address without 
city'[39m[33m,[39m () [33m=>[39m {[0m

      at Object.toBe (src/services/__tests__/ValidationService.test.ts:198:59)

  ÔùÅ ValidationService ÔÇ║ validarCliente ÔÇ║ should validate a valid client

    TypeError: validationService.validarCliente is not a function

    [0m [90m 251 |[39m         telefone[33m:[39m [32m'(11) 
99999-9999'[39m[33m,[39m
     [90m 252 |[39m       }[33m;[39m
    [31m[1m>[22m[39m[90m 253 |[39m       expect(validationService[33m.[
39mvalidarCliente(cliente))[33m.[39mtoBe([36mtrue[39m)[33m;[39m
     [90m     |[39m                                [31m[1m^[22m[39m
     [90m 254 |[39m     })[33m;[39m
     [90m 255 |[39m
     [90m 256 |[39m     it([32m'deve rejeitar cliente sem 
nome'[39m[33m,[39m () [33m=>[39m {[0m

      at Object.validarCliente 
(src/services/__tests__/ValidationService.test.ts:253:32)

  ÔùÅ ValidationService ÔÇ║ validarCliente ÔÇ║ deve rejeitar cliente sem nome

    TypeError: validationService.validarCliente is not a function

    [0m [90m 259 |[39m         telefone[33m:[39m [32m'(11) 
99999-9999'[39m[33m,[39m
     [90m 260 |[39m       }[33m;[39m
    [31m[1m>[22m[39m[90m 261 |[39m       expect(validationService[33m.[
39mvalidarCliente(cliente))[33m.[39mtoBe([36mfalse[39m)[33m;[39m
     [90m     |[39m                                [31m[1m^[22m[39m
     [90m 262 |[39m     })[33m;[39m
     [90m 263 |[39m
     [90m 264 |[39m     it([32m'deve rejeitar cliente com email 
inv├ílido'[39m[33m,[39m () [33m=>[39m {[0m

      at Object.validarCliente 
(src/services/__tests__/ValidationService.test.ts:261:32)

  ÔùÅ ValidationService ÔÇ║ validarCliente ÔÇ║ deve rejeitar cliente com email 
inv├ílido

    TypeError: validationService.validarCliente is not a function

    [0m [90m 268 |[39m         telefone[33m:[39m [32m'(11) 
99999-9999'[39m[33m,[39m
     [90m 269 |[39m       }[33m;[39m
    [31m[1m>[22m[39m[90m 270 |[39m       expect(validationService[33m.[
39mvalidarCliente(cliente))[33m.[39mtoBe([36mfalse[39m)[33m;[39m
     [90m     |[39m                                [31m[1m^[22m[39m
     [90m 271 |[39m     })[33m;[39m
     [90m 272 |[39m
     [90m 273 |[39m     it([32m'deve rejeitar cliente com telefone 
inv├ílido'[39m[33m,[39m () [33m=>[39m {[0m

      at Object.validarCliente 
(src/services/__tests__/ValidationService.test.ts:270:32)

  ÔùÅ ValidationService ÔÇ║ validarCliente ÔÇ║ deve rejeitar cliente com 
telefone inv├ílido

    TypeError: validationService.validarCliente is not a function

    [0m [90m 277 |[39m         telefone[33m:[39m 
[32m'123'[39m[33m,[39m
     [90m 278 |[39m       }[33m;[39m
    [31m[1m>[22m[39m[90m 279 |[39m       expect(validationService[33m.[
39mvalidarCliente(cliente))[33m.[39mtoBe([36mfalse[39m)[33m;[39m
     [90m     |[39m                                [31m[1m^[22m[39m
     [90m 280 |[39m     })[33m;[39m
     [90m 281 |[39m
     [90m 282 |[39m     it([32m'should reject a null 
client'[39m[33m,[39m () [33m=>[39m {[0m

      at Object.validarCliente 
(src/services/__tests__/ValidationService.test.ts:279:32)

  ÔùÅ ValidationService ÔÇ║ validarCliente ÔÇ║ should reject a null client

    TypeError: validationService.validarCliente is not a function

    [0m [90m 282 |[39m     it([32m'should reject a null 
client'[39m[33m,[39m () [33m=>[39m {
     [90m 283 |[39m       [36mconst[39m cliente [33m=[39m 
[36mnull[39m[33m;[39m
    [31m[1m>[22m[39m[90m 284 |[39m       expect(validationService[33m.[
39mvalidarCliente(cliente))[33m.[39mtoBe([36mfalse[39m)[33m;[39m
     [90m     |[39m                                [31m[1m^[22m[39m
     [90m 285 |[39m     })[33m;[39m
     [90m 286 |[39m   })[33m;[39m
     [90m 287 |[39m[0m

      at Object.validarCliente 
(src/services/__tests__/ValidationService.test.ts:284:32)

  ÔùÅ ValidationService ÔÇ║ validatePasswordStrength ÔÇ║ should validate a 
strong password

    TypeError: validationService.validatePasswordStrength is not a function

    [0m [90m 288 |[39m   
describe([32m'validatePasswordStrength'[39m[33m,[39m () [33m=>[39m {
     [90m 289 |[39m     it([32m'should validate a strong 
password'[39m[33m,[39m () [33m=>[39m {
    [31m[1m>[22m[39m[90m 290 |[39m       expect(validationService[33m.[
39mvalidatePasswordStrength([32m'senhaForte123'[39m))[33m.[39mtoBe([36mtru
e[39m)[33m;[39m
     [90m     |[39m                                [31m[1m^[22m[39m
     [90m 291 |[39m     })[33m;[39m
     [90m 292 |[39m
     [90m 293 |[39m     it([32m'should reject a weak 
password'[39m[33m,[39m () [33m=>[39m {[0m

      at Object.validatePasswordStrength 
(src/services/__tests__/ValidationService.test.ts:290:32)

  ÔùÅ ValidationService ÔÇ║ validatePasswordStrength ÔÇ║ should reject a weak 
password

    TypeError: validationService.validatePasswordStrength is not a function

    [0m [90m 292 |[39m
     [90m 293 |[39m     it([32m'should reject a weak 
password'[39m[33m,[39m () [33m=>[39m {
    [31m[1m>[22m[39m[90m 294 |[39m       expect(validationService[33m.[
39mvalidatePasswordStrength([32m'fraca'[39m))[33m.[39mtoBe([36mfalse[39m)
[33m;[39m
     [90m     |[39m                                [31m[1m^[22m[39m
     [90m 295 |[39m     })[33m;[39m
     [90m 296 |[39m   })[33m;[39m
     [90m 297 |[39m[0m

      at Object.validatePasswordStrength 
(src/services/__tests__/ValidationService.test.ts:294:32)

  ÔùÅ ValidationService ÔÇ║ validateCPF ÔÇ║ should validate a valid CPF

    expect(received).toBe(expected) // Object.is equality

    Expected: true
    Received: false

    [0m [90m 298 |[39m   describe([32m'validateCPF'[39m[33m,[39m () 
[33m=>[39m {
     [90m 299 |[39m     it([32m'should validate a valid 
CPF'[39m[33m,[39m () [33m=>[39m {
    [31m[1m>[22m[39m[90m 300 |[39m       expect(validationService[33m.[
39mvalidateCPF([32m'12345678901'[39m))[33m.[39mtoBe([36mtrue[39m)[33m;[
39m
     [90m     |[39m                                                          
  [31m[1m^[22m[39m
     [90m 301 |[39m     })[33m;[39m
     [90m 302 |[39m
     [90m 303 |[39m     it([32m'should reject an invalid 
CPF'[39m[33m,[39m () [33m=>[39m {[0m

      at Object.toBe (src/services/__tests__/ValidationService.test.ts:300:60)

FAIL src/__tests__/screens/NotificationSettingsScreenV2.test.tsx
  ÔùÅ Test suite failed to run

    Cannot find module '../../../hooks/useNotificationSettingsV2' from 
'src/__tests__/screens/NotificationSettingsScreenV2.test.tsx'

    [0m [90m  6 |[39m
     [90m  7 |[39m [90m// Mock do hook useNotificationSettingsV2[39m
    [31m[1m>[22m[39m[90m  8 |[39m jest[33m.[39mmock([32m'../../../hook
s/useNotificationSettingsV2'[39m[33m,[39m () [33m=>[39m ({
     [90m    |[39m                                                       
[31m[1m^[22m[39m
     [90m  9 |[39m   useNotificationSettingsV2[33m:[39m 
jest[33m.[39mfn()[33m,[39m
     [90m 10 |[39m }))[33m;[39m
     [90m 11 |[39m[0m

      at Resolver._throwModNotFoundError 
(node_modules/jest-resolve/build/resolver.js:427:11)
      at Object.<anonymous> 
(src/__tests__/screens/NotificationSettingsScreenV2.test.tsx:8:55)

FAIL src/services/__tests__/AuthService.test.ts
  ÔùÅ Test suite failed to run

    Cannot find module 'jsonwebtoken' from 'src/services/AuthService.ts'

    Require stack:
      src/services/AuthService.ts
      src/services/__tests__/AuthService.test.ts

    [0m [90m 1 |[39m [36mimport[39m { [33mValidationService[39m } 
[36mfrom[39m [32m'./validationService'[39m[33m;[39m
     [90m 2 |[39m [36mimport[39m bcrypt [36mfrom[39m 
[32m'bcryptjs'[39m[33m;[39m
    [31m[1m>[22m[39m[90m 3 |[39m [36mimport[39m jwt [36mfrom[39m 
[32m'jsonwebtoken'[39m[33m;[39m
     [90m   |[39m [31m[1m^[22m[39m
     [90m 4 |[39m [36mimport[39m { auth[33m,[39m db } [36mfrom[39m 
[32m'../config/firebase'[39m[33m;[39m
     [90m 5 |[39m [36mimport[39m {
     [90m 6 |[39m   applyActionCode[33m,[39m[0m

      at Resolver._throwModNotFoundError 
(node_modules/jest-resolve/build/resolver.js:427:11)
      at Object.require (src/services/AuthService.ts:3:1)
      at Object.require (src/services/__tests__/AuthService.test.ts:1:1)

PASS src/__tests__/controllers/StripeController.test.ts (14.903 s)
  ÔùÅ Console

    console.error
      Erro ao criar PaymentIntent: Error: Stripe error
          at mockConstructor.<anonymous> (C:\Users\vantu\Downloads\AcucaradasEn
comendas\src\__tests__\controllers\StripeController.test.ts:74:47)
          at C:\Users\vantu\Downloads\AcucaradasEncomendas\node_modules\jest-mo
ck\build\index.js:387:43
          at mockConstructor.<anonymous> (C:\Users\vantu\Downloads\AcucaradasEn
comendas\node_modules\jest-mock\build\index.js:404:13)
          at new mockConstructor (C:\Users\vantu\Downloads\AcucaradasEncomendas
\node_modules\jest-mock\build\index.js:148:19)
          at new StripeController (C:\Users\vantu\Downloads\AcucaradasEncomenda
s\src\controllers\StripeController.ts:11:19)
          at Object.<anonymous> (C:\Users\vantu\Downloads\AcucaradasEncomendas\
src\__tests__\controllers\StripeController.test.ts:79:20)
          at Generator.next (<anonymous>)
          at asyncGeneratorStep (C:\Users\vantu\Downloads\AcucaradasEncomendas\
node_modules\@babel\runtime\helpers\asyncToGenerator.js:3:17)
          at _next (C:\Users\vantu\Downloads\AcucaradasEncomendas\node_modules\
@babel\runtime\helpers\asyncToGenerator.js:17:9)
          at C:\Users\vantu\Downloads\AcucaradasEncomendas\node_modules\@babel\
runtime\helpers\asyncToGenerator.js:22:7
          at new Promise (<anonymous>)
          at Object.<anonymous> (C:\Users\vantu\Downloads\AcucaradasEncomendas\
node_modules\@babel\runtime\helpers\asyncToGenerator.js:14:12)
          at Promise.then.completed (C:\Users\vantu\Downloads\AcucaradasEncomen
das\node_modules\jest-circus\build\utils.js:298:28)
          at new Promise (<anonymous>)
          at callAsyncCircusFn (C:\Users\vantu\Downloads\AcucaradasEncomendas\n
ode_modules\jest-circus\build\utils.js:231:10)
          at _callCircusTest (C:\Users\vantu\Downloads\AcucaradasEncomendas\nod
e_modules\jest-circus\build\run.js:316:40)
          at processTicksAndRejections (node:internal/process/task_queues:95:5)
          at _runTest (C:\Users\vantu\Downloads\AcucaradasEncomendas\node_modul
es\jest-circus\build\run.js:252:3)
          at _runTestsForDescribeBlock (C:\Users\vantu\Downloads\AcucaradasEnco
mendas\node_modules\jest-circus\build\run.js:126:9)
          at _runTestsForDescribeBlock (C:\Users\vantu\Downloads\AcucaradasEnco
mendas\node_modules\jest-circus\build\run.js:121:9)
          at _runTestsForDescribeBlock (C:\Users\vantu\Downloads\AcucaradasEnco
mendas\node_modules\jest-circus\build\run.js:121:9)
          at run (C:\Users\vantu\Downloads\AcucaradasEncomendas\node_modules\je
st-circus\build\run.js:71:3)
          at runAndTransformResultsToJestFormat (C:\Users\vantu\Downloads\Acuca
radasEncomendas\node_modules\jest-circus\build\legacy-code-todo-rewrite\jestAda
pterInit.js:122:21)
          at jestAdapter (C:\Users\vantu\Downloads\AcucaradasEncomendas\node_mo
dules\jest-circus\build\legacy-code-todo-rewrite\jestAdapter.js:79:19)
          at runTestInternal (C:\Users\vantu\Downloads\AcucaradasEncomendas\nod
e_modules\jest-runner\build\runTest.js:367:16)
          at runTest (C:\Users\vantu\Downloads\AcucaradasEncomendas\node_module
s\jest-runner\build\runTest.js:444:34)
          at Object.worker (C:\Users\vantu\Downloads\AcucaradasEncomendas\node_
modules\jest-runner\build\testWorker.js:106:12)

    [0m [90m 62 |[39m       [36mreturn[39m res[33m.[39mjson({ 
id[33m:[39m paymentIntent[33m.[39mid[33m,[39m clientSecret[33m:[39m 
paymentIntent[33m.[39mclient_secret })[33m;[39m
     [90m 63 |[39m     } [36mcatch[39m (error) {
    [31m[1m>[22m[39m[90m 64 |[39m       
console[33m.[39merror([32m'Erro ao criar PaymentIntent:'[39m[33m,[39m 
error)[33m;[39m
     [90m    |[39m               [31m[1m^[22m[39m
     [90m 65 |[39m       [36mreturn[39m 
res[33m.[39mstatus([35m500[39m)[33m.[39mjson({ error[33m:[39m 
[32m'Erro ao processar pagamento'[39m })[33m;[39m
     [90m 66 |[39m     }
     [90m 67 |[39m   }[33m;[39m[0m

      at StripeController.error (src/controllers/StripeController.ts:64:15)
          at Generator.throw (<anonymous>)
      at asyncGeneratorStep 
(node_modules/@babel/runtime/helpers/asyncToGenerator.js:3:17)
      at _throw (node_modules/@babel/runtime/helpers/asyncToGenerator.js:20:9)

FAIL src/__tests__/useNotificationSettingsV2.test.tsx
  ÔùÅ Test suite failed to run

    Could not auto-detect a React renderer. Are you sure you've installed one 
of the following
      - react-dom
      - react-test-renderer
    If you are using a bundler, please update your imports to use a specific 
renderer.
    For instructions see: 
https://react-hooks-testing-library.com/installation#being-specific

    [0m[31m[1m>[22m[39m[90m 1 |[39m [36mimport[39m { 
renderHook[33m,[39m act } [36mfrom[39m 
[32m'@testing-library/react-hooks'[39m[33m;[39m
     [90m   |[39m [31m[1m^[22m[39m
     [90m 2 |[39m [36mimport[39m { useNotificationSettingsV2 } 
[36mfrom[39m [32m'../hooks/useNotificationSettingsV2'[39m[33m;[39m
     [90m 3 |[39m [36mimport[39m { 
[33mNotificationSettingsServiceWithCacheV2[39m } [36mfrom[39m 
[32m'../services/NotificationSettingsServiceWithCacheV2'[39m[33m;[39m
     [90m 4 |[39m [36mimport[39m { [33mAuthContext[39m } [36mfrom[39m 
[32m'../contexts/AuthContext'[39m[33m;[39m[0m

      at getRenderer 
(node_modules/@testing-library/react-hooks/lib/pure.js:59:11)
      at Object.<anonymous> 
(node_modules/@testing-library/react-hooks/lib/pure.js:70:5)
      at Object.<anonymous> 
(node_modules/@testing-library/react-hooks/lib/index.js:11:13)
      at Object.require (src/__tests__/useNotificationSettingsV2.test.tsx:1:1)

FAIL src/__tests__/integration/stripe.routes.test.ts
  ÔùÅ Test suite failed to run

    Cannot find module 'supertest' from 
'src/__tests__/integration/stripe.routes.test.ts'

    [0m[31m[1m>[22m[39m[90m 1 |[39m [36mimport[39m request 
[36mfrom[39m [32m'supertest'[39m[33m;[39m
     [90m   |[39m [31m[1m^[22m[39m
     [90m 2 |[39m [36mimport[39m express [36mfrom[39m 
[32m'express'[39m[33m;[39m
     [90m 3 |[39m [36mimport[39m jwt [36mfrom[39m 
[32m'jsonwebtoken'[39m[33m;[39m
     [90m 4 |[39m [36mimport[39m [33mStripe[39m [36mfrom[39m 
[32m'stripe'[39m[33m;[39m[0m

      at Resolver._throwModNotFoundError 
(node_modules/jest-resolve/build/resolver.js:427:11)
      at Object.require (src/__tests__/integration/stripe.routes.test.ts:1:1)

FAIL src/__tests__/integration/CacheIntegration.test.ts
  ÔùÅ Test suite failed to run

    Cannot find module '@react-native-community/netinfo' from 
'src/__tests__/integration/CacheIntegration.test.ts'

    [0m [90m  7 |[39m
     [90m  8 |[39m [90m// Mock dependencies[39m
    [31m[1m>[22m[39m[90m  9 |[39m 
jest[33m.[39mmock([32m'@react-native-community/netinfo'[39m[33m,[39m () 
[33m=>[39m ({
     [90m    |[39m      [31m[1m^[22m[39m
     [90m 10 |[39m   addEventListener[33m:[39m 
jest[33m.[39mfn()[33m,[39m
     [90m 11 |[39m   fetch[33m:[39m jest[33m.[39mfn[33m<[39m[33many[3
9m[33m>[39m()[33m.[39mmockResolvedValue({ isConnected[33m:[39m 
[36mtrue[39m })[33m,[39m
     [90m 12 |[39m }))[33m;[39m[0m

      at Resolver._throwModNotFoundError 
(node_modules/jest-resolve/build/resolver.js:427:11)
      at Object.mock (src/__tests__/integration/CacheIntegration.test.ts:9:6)

FAIL src/__tests__/e2e/FluxoCompraCompleto.test.tsx
  ÔùÅ Test suite failed to run

    Cannot find module '@stripe/stripe-react-native' from 
'src/__tests__/e2e/FluxoCompraCompleto.test.tsx'

    [0m [90m 134 |[39m
     [90m 135 |[39m [90m// Mock do Stripe[39m
    [31m[1m>[22m[39m[90m 136 |[39m 
jest[33m.[39mmock([32m'@stripe/stripe-react-native'[39m[33m,[39m () 
[33m=>[39m ({
     [90m     |[39m      [31m[1m^[22m[39m
     [90m 137 |[39m   [33m...[39mjest[33m.[39mrequireActual([32m'@stripe
/stripe-react-native'[39m)[33m,[39m
     [90m 138 |[39m   useStripe[33m:[39m () [33m=>[39m ({
     [90m 139 |[39m     initPaymentSheet[33m:[39m 
jest[33m.[39mfn()[33m.[39mmockResolvedValue({ error[33m:[39m 
[36mnull[39m })[33m,[39m[0m

      at Resolver._throwModNotFoundError 
(node_modules/jest-resolve/build/resolver.js:427:11)
      at Object.mock (src/__tests__/e2e/FluxoCompraCompleto.test.tsx:136:6)

FAIL src/__tests__/integration/SecurityIntegration.test.ts
  ÔùÅ Test suite failed to run

    Cannot find module 'expo-crypto' from 
'src/__tests__/integration/SecurityIntegration.test.ts'

    [0m [90m 16 |[39m
     [90m 17 |[39m [90m// Mock para expo-crypto[39m
    [31m[1m>[22m[39m[90m 18 |[39m 
jest[33m.[39mmock([32m'expo-crypto'[39m[33m,[39m () [33m=>[39m ({
     [90m    |[39m      [31m[1m^[22m[39m
     [90m 19 |[39m   digestStringAsync[33m:[39m 
jest[33m.[39mfn()[33m,[39m
     [90m 20 |[39m   [33mCryptoDigestAlgorithm[39m[33m:[39m {
     [90m 21 |[39m     [33mSHA256[39m[33m:[39m 
[32m'SHA-256'[39m[33m,[39m[0m

      at Resolver._throwModNotFoundError 
(node_modules/jest-resolve/build/resolver.js:427:11)
      at Object.mock 
(src/__tests__/integration/SecurityIntegration.test.ts:18:6)

FAIL src/__tests__/services/PaymentService.test.ts
  ÔùÅ Test suite failed to run

    Cannot find module '@prisma/client' from 
'src/__tests__/services/PaymentService.test.ts'

    [0m [90m  6 |[39m
     [90m  7 |[39m [90m// Mock do PrismaClient[39m
    [31m[1m>[22m[39m[90m  8 |[39m 
jest[33m.[39mmock([32m'@prisma/client'[39m[33m,[39m () [33m=>[39m ({
     [90m    |[39m      [31m[1m^[22m[39m
     [90m  9 |[39m   [33mPrismaClient[39m[33m:[39m 
jest[33m.[39mfn()[33m.[39mmockImplementation(() [33m=>[39m ({
     [90m 10 |[39m     payment[33m:[39m {
     [90m 11 |[39m       create[33m:[39m jest[33m.[39mfn()[33m,[39m[0m

      at Resolver._throwModNotFoundError 
(node_modules/jest-resolve/build/resolver.js:427:11)
      at Object.mock (src/__tests__/services/PaymentService.test.ts:8:6)

FAIL src/__tests__/e2e/TermosDeUso.test.tsx
  ÔùÅ Test suite failed to run

    Cannot find module 'scheduler/unstable_mock' from 
'node_modules/react-test-renderer/cjs/react-test-renderer.development.js'

    Require stack:
      node_modules/react-test-renderer/cjs/react-test-renderer.development.js
      node_modules/react-test-renderer/index.js
      node_modules/@testing-library/react-native/build/act.js
      node_modules/@testing-library/react-native/build/pure.js
      node_modules/@testing-library/react-native/build/index.js
      src/__tests__/e2e/TermosDeUso.test.tsx

    [0m [90m 1 |[39m [36mimport[39m [33mReact[39m [36mfrom[39m 
[32m'react'[39m[33m;[39m
    [31m[1m>[22m[39m[90m 2 |[39m [36mimport[39m { render[33m,[39m 
fireEvent[33m,[39m waitFor } [36mfrom[39m 
[32m'@testing-library/react-native'[39m[33m;[39m
     [90m   |[39m [31m[1m^[22m[39m
     [90m 3 |[39m [36mimport[39m { [33mTermsOfUseScreen[39m } 
[36mfrom[39m [32m'../../screens/TermsOfUseScreen'[39m[33m;[39m
     [90m 4 |[39m [36mimport[39m { useNavigation } [36mfrom[39m 
[32m'@react-navigation/native'[39m[33m;[39m
     [90m 5 |[39m[0m

      at Resolver._throwModNotFoundError 
(node_modules/jest-resolve/build/resolver.js:427:11)
      at 
node_modules/react-test-renderer/cjs/react-test-renderer.development.js:18:17
      at Object.<anonymous> (node_modules/react-test-renderer/cjs/react-test-re
nderer.development.js:18641:5)
      at Object.<anonymous> (node_modules/react-test-renderer/index.js:6:20)
      at Object.require 
(node_modules/@testing-library/react-native/src/act.ts:3:1)
      at Object.require 
(node_modules/@testing-library/react-native/src/pure.ts:1:1)
      at Object.require 
(node_modules/@testing-library/react-native/src/index.ts:1:1)
      at Object.require (src/__tests__/e2e/TermosDeUso.test.tsx:2:1)

PASS src/__tests__/EnhancedCacheManager.test.ts
FAIL src/__tests__/e2e/App.test.tsx
  ÔùÅ Test suite failed to run

    Cannot find module 'scheduler/unstable_mock' from 
'node_modules/react-test-renderer/cjs/react-test-renderer.development.js'

    Require stack:
      node_modules/react-test-renderer/cjs/react-test-renderer.development.js
      node_modules/react-test-renderer/index.js
      node_modules/@testing-library/react-native/build/act.js
      node_modules/@testing-library/react-native/build/pure.js
      node_modules/@testing-library/react-native/build/index.js
      src/__tests__/e2e/App.test.tsx

    [0m [90m 1 |[39m [36mimport[39m [33mReact[39m [36mfrom[39m 
[32m'react'[39m[33m;[39m
    [31m[1m>[22m[39m[90m 2 |[39m [36mimport[39m { render[33m,[39m 
fireEvent[33m,[39m waitFor } [36mfrom[39m 
[32m'@testing-library/react-native'[39m[33m;[39m
     [90m   |[39m [31m[1m^[22m[39m
     [90m 3 |[39m [36mimport[39m [33mApp[39m [36mfrom[39m 
[32m'../../App'[39m[33m;[39m
     [90m 4 |[39m [36mimport[39m { [33mAuthProvider[39m } [36mfrom[39m 
[32m'../../contexts/AuthContext'[39m[33m;[39m
     [90m 5 |[39m[0m

      at Resolver._throwModNotFoundError 
(node_modules/jest-resolve/build/resolver.js:427:11)
      at 
node_modules/react-test-renderer/cjs/react-test-renderer.development.js:18:17
      at Object.<anonymous> (node_modules/react-test-renderer/cjs/react-test-re
nderer.development.js:18641:5)
      at Object.<anonymous> (node_modules/react-test-renderer/index.js:6:20)
      at Object.require 
(node_modules/@testing-library/react-native/src/act.ts:3:1)
      at Object.require 
(node_modules/@testing-library/react-native/src/pure.ts:1:1)
      at Object.require 
(node_modules/@testing-library/react-native/src/index.ts:1:1)
      at Object.require (src/__tests__/e2e/App.test.tsx:2:1)

PASS src/__tests__/simple.test.js
PASS src/__tests__/integration/PaymentNotificationIntegration.test.ts
FAIL src/__tests__/integration/PerformanceMonitoring.test.ts
  ÔùÅ Test suite failed to run

    TypeError: Cannot read properties of undefined (reading 'toString')

    [0m [90m 51 |[39m         platform[33m:[39m 
[33mPlatform[39m[33m.[39m[33mOS[39m[33m,[39m
     [90m 52 |[39m         model[33m:[39m 
[33mPlatform[39m[33m.[39m[33mOS[39m [33m===[39m [32m'ios'[39m 
[33m?[39m [32m'iPhone'[39m [33m:[39m [32m'Android'[39m[33m,[39m
    [31m[1m>[22m[39m[90m 53 |[39m         osVersion[33m:[39m 
[33mPlatform[39m[33m.[39m[33mVersion[39m[33m.[39mtoString()[33m,[39m
     [90m    |[39m                                     [31m[1m^[22m[39m
     [90m 54 |[39m       }
     [90m 55 |[39m     }[33m;[39m
     [90m 56 |[39m     [36mthis[39m[33m.[39muserInteractions [33m=[39m 
[36mnew[39m [33mMap[39m()[33m;[39m[0m

      at new toString (src/services/PerformanceService.ts:53:37)
      at Function.getInstance (src/services/PerformanceService.ts:67:37)
      at Object.getInstance (src/services/PerformanceService.ts:423:54)
      at Object.require 
(src/__tests__/integration/PerformanceMonitoring.test.ts:1:1)

PASS src/services/__tests__/PaymentService.test.ts (7.292 s)
  ÔùÅ Console

    console.log
      Aviso: Configura├º├úo de notifica├º├Áes em background para iOS pode n├úo 
estar ativa

      at Object.log (src/config/firebase.ts:91:17)

    console.log
      Firebase Cloud Messaging inicializado no iOS

      at Object.log (src/config/firebase.ts:96:15)

    console.log
      Firebase initialized successfully on ios

      at Object.log (src/config/firebase.ts:137:11)

FAIL src/services/__tests__/NotificationService.test.ts
  ÔùÅ Test suite failed to run

    Cannot find module 'uuid' from 
'node_modules/expo-notifications/build/presentNotificationAsync.js'

    Require stack:
      node_modules/expo-notifications/build/presentNotificationAsync.js
      node_modules/expo-notifications/build/index.js
      src/services/PushNotificationService.ts
      src/services/NotificationService.ts
      src/services/__tests__/NotificationService.test.ts

    [0m[31m[1m>[22m[39m[90m 1 |[39m [36mimport[39m [33m*[39m 
[36mas[39m [33mNotifications[39m [36mfrom[39m 
[32m'expo-notifications'[39m[33m;[39m
     [90m   |[39m [31m[1m^[22m[39m
     [90m 2 |[39m [36mimport[39m [33m*[39m [36mas[39m [33mDevice[39m 
[36mfrom[39m [32m'../compat/expoDevice'[39m[33m;[39m
     [90m 3 |[39m [36mimport[39m { [33mPlatform[39m } [36mfrom[39m 
[32m'react-native'[39m[33m;[39m
     [90m 4 |[39m [36mimport[39m { db } [36mfrom[39m 
[32m'../config/firebase'[39m[33m;[39m[0m

      at Resolver._throwModNotFoundError 
(node_modules/jest-resolve/build/resolver.js:427:11)
      at Object.require 
(node_modules/expo-notifications/src/presentNotificationAsync.ts:2:1)
      at Object.require (node_modules/expo-notifications/src/index.ts:5:1)
      at Object.require (src/services/PushNotificationService.ts:1:1)
      at Object.require (src/services/NotificationService.ts:22:1)
      at Object.require 
(src/services/__tests__/NotificationService.test.ts:1:1)

A worker process has failed to exit gracefully and has been force exited. This 
is likely caused by tests leaking due to improper teardown. Try running with 
--detectOpenHandles to find leaks. Active timers can also cause this, ensure 
that .unref() was called on them.
Summary of all failing tests
FAIL src/__tests__/ScreenshotProtection.test.tsx
  ÔùÅ Test suite failed to run

    Cannot find module 'scheduler/unstable_mock' from 
'node_modules/react-test-renderer/cjs/react-test-renderer.development.js'

    Require stack:
      node_modules/react-test-renderer/cjs/react-test-renderer.development.js
      node_modules/react-test-renderer/index.js
      node_modules/@testing-library/react-native/build/act.js
      node_modules/@testing-library/react-native/build/pure.js
      node_modules/@testing-library/react-native/build/index.js
      src/__tests__/ScreenshotProtection.test.tsx

    [0m [90m 1 |[39m [36mimport[39m [33mReact[39m [36mfrom[39m 
[32m'react'[39m[33m;[39m
    [31m[1m>[22m[39m[90m 2 |[39m [36mimport[39m { render[33m,[39m 
act[33m,[39m waitFor[33m,[39m fireEvent } [36mfrom[39m 
[32m'@testing-library/react-native'[39m[33m;[39m
     [90m   |[39m [31m[1m^[22m[39m
     [90m 3 |[39m [36mimport[39m { [33mScreenshotProtection[39m } 
[36mfrom[39m [32m'../components/ScreenshotProtection'[39m[33m;[39m
     [90m 4 |[39m [36mimport[39m [33m*[39m [36mas[39m 
[33mScreenCapture[39m [36mfrom[39m 
[32m'expo-screen-capture'[39m[33m;[39m
     [90m 5 |[39m [36mimport[39m { loggingService } [36mfrom[39m 
[32m'../services/LoggingService'[39m[33m;[39m[0m

      at Resolver._throwModNotFoundError 
(node_modules/jest-resolve/build/resolver.js:427:11)
      at 
node_modules/react-test-renderer/cjs/react-test-renderer.development.js:18:17
      at Object.<anonymous> (node_modules/react-test-renderer/cjs/react-test-re
nderer.development.js:18641:5)
      at Object.<anonymous> (node_modules/react-test-renderer/index.js:6:20)
      at Object.require 
(node_modules/@testing-library/react-native/src/act.ts:3:1)
      at Object.require 
(node_modules/@testing-library/react-native/src/pure.ts:1:1)
      at Object.require 
(node_modules/@testing-library/react-native/src/index.ts:1:1)
      at Object.require (src/__tests__/ScreenshotProtection.test.tsx:2:1)

FAIL src/__tests__/integration/PaymentSplitIntegration.test.ts (13.282 s)
  ÔùÅ Payment Split Integration Tests ÔÇ║ processPaymentWithSplit ÔÇ║ should 
correctly split payment between app, producer and delivery person

    Property `processPaymentWithSplit` does not exist in the provided object

    [0m [90m 120 |[39m     })[33m;[39m
     [90m 121 |[39m
    [31m[1m>[22m[39m[90m 122 |[39m     
jest[33m.[39mspyOn(stripeService[33m,[39m 
[32m'processPaymentWithSplit'[39m)[33m.[39mmockResolvedValue({
     [90m     |[39m          [31m[1m^[22m[39m
     [90m 123 |[39m       paymentIntentId[33m:[39m 
[32m'pi_123456'[39m[33m,[39m
     [90m 124 |[39m       appTransferId[33m:[39m 
[32m'tr_app_123'[39m[33m,[39m
     [90m 125 |[39m       producerTransferId[33m:[39m 
[32m'tr_producer_123'[39m[33m,[39m[0m

      at ModuleMocker.spyOn (node_modules/jest-mock/build/index.js:731:13)
      at Object.spyOn 
(src/__tests__/integration/PaymentSplitIntegration.test.ts:122:10)

  ÔùÅ Payment Split Integration Tests ÔÇ║ processPaymentWithSplit ÔÇ║ should 
handle errors during payment processing

    Property `processPaymentWithSplit` does not exist in the provided object

    [0m [90m 120 |[39m     })[33m;[39m
     [90m 121 |[39m
    [31m[1m>[22m[39m[90m 122 |[39m     
jest[33m.[39mspyOn(stripeService[33m,[39m 
[32m'processPaymentWithSplit'[39m)[33m.[39mmockResolvedValue({
     [90m     |[39m          [31m[1m^[22m[39m
     [90m 123 |[39m       paymentIntentId[33m:[39m 
[32m'pi_123456'[39m[33m,[39m
     [90m 124 |[39m       appTransferId[33m:[39m 
[32m'tr_app_123'[39m[33m,[39m
     [90m 125 |[39m       producerTransferId[33m:[39m 
[32m'tr_producer_123'[39m[33m,[39m[0m

      at ModuleMocker.spyOn (node_modules/jest-mock/build/index.js:731:13)
      at Object.spyOn 
(src/__tests__/integration/PaymentSplitIntegration.test.ts:122:10)

  ÔùÅ Payment Split Integration Tests ÔÇ║ processPaymentWithSplit ÔÇ║ should 
validate order exists before processing payment

    Property `processPaymentWithSplit` does not exist in the provided object

    [0m [90m 120 |[39m     })[33m;[39m
     [90m 121 |[39m
    [31m[1m>[22m[39m[90m 122 |[39m     
jest[33m.[39mspyOn(stripeService[33m,[39m 
[32m'processPaymentWithSplit'[39m)[33m.[39mmockResolvedValue({
     [90m     |[39m          [31m[1m^[22m[39m
     [90m 123 |[39m       paymentIntentId[33m:[39m 
[32m'pi_123456'[39m[33m,[39m
     [90m 124 |[39m       appTransferId[33m:[39m 
[32m'tr_app_123'[39m[33m,[39m
     [90m 125 |[39m       producerTransferId[33m:[39m 
[32m'tr_producer_123'[39m[33m,[39m[0m

      at ModuleMocker.spyOn (node_modules/jest-mock/build/index.js:731:13)
      at Object.spyOn 
(src/__tests__/integration/PaymentSplitIntegration.test.ts:122:10)

  ÔùÅ Payment Split Integration Tests ÔÇ║ processPaymentWithSplit ÔÇ║ should 
validate producer and delivery person exist before processing payment

    Property `processPaymentWithSplit` does not exist in the provided object

    [0m [90m 120 |[39m     })[33m;[39m
     [90m 121 |[39m
    [31m[1m>[22m[39m[90m 122 |[39m     
jest[33m.[39mspyOn(stripeService[33m,[39m 
[32m'processPaymentWithSplit'[39m)[33m.[39mmockResolvedValue({
     [90m     |[39m          [31m[1m^[22m[39m
     [90m 123 |[39m       paymentIntentId[33m:[39m 
[32m'pi_123456'[39m[33m,[39m
     [90m 124 |[39m       appTransferId[33m:[39m 
[32m'tr_app_123'[39m[33m,[39m
     [90m 125 |[39m       producerTransferId[33m:[39m 
[32m'tr_producer_123'[39m[33m,[39m[0m

      at ModuleMocker.spyOn (node_modules/jest-mock/build/index.js:731:13)
      at Object.spyOn 
(src/__tests__/integration/PaymentSplitIntegration.test.ts:122:10)

FAIL src/services/__tests__/ProductService.test.ts (13.584 s)
  ÔùÅ ProductService ÔÇ║ criarProduto ÔÇ║ deve rejeitar produto sem nome

    Nome ├® obrigat├│rio

    [0m [90m 569 |[39m       criarProduto[33m:[39m 
jest[33m.[39mfn()[33m.[39mmockImplementation((dados[33m:[39m any) 
[33m=>[39m {
     [90m 570 |[39m         [36mif[39m ([33m![39mdados[33m.[39mnome) {
    [31m[1m>[22m[39m[90m 571 |[39m           [36mthrow[39m 
[36mnew[39m [33mError[39m([32m'Nome ├® obrigat├│rio'[39m)[33m;[39m
     [90m     |[39m                 [31m[1m^[22m[39m
     [90m 572 |[39m         }
     [90m 573 |[39m         [36mif[39m ([33m![39mdados[33m.[39mpreco 
[33m||[39m dados[33m.[39mpreco [33m<=[39m [35m0[39m) {
     [90m 574 |[39m           [36mthrow[39m [36mnew[39m 
[33mError[39m([32m'Pre├ºo deve ser maior que zero'[39m)[33m;[39m[0m

      at Object.<anonymous> (jest.setup.ts:571:17)
      at Object.criarProduto 
(src/services/__tests__/ProductService.test.ts:41:35)
      at asyncGeneratorStep 
(node_modules/@babel/runtime/helpers/asyncToGenerator.js:3:17)
      at _next (node_modules/@babel/runtime/helpers/asyncToGenerator.js:17:9)
      at node_modules/@babel/runtime/helpers/asyncToGenerator.js:22:7
      at Object.<anonymous> 
(node_modules/@babel/runtime/helpers/asyncToGenerator.js:14:12)

  ÔùÅ ProductService ÔÇ║ criarProduto ÔÇ║ deve rejeitar produto com pre├ºo 
negativo

    Pre├ºo deve ser maior que zero

    [0m [90m 572 |[39m         }
     [90m 573 |[39m         [36mif[39m ([33m![39mdados[33m.[39mpreco 
[33m||[39m dados[33m.[39mpreco [33m<=[39m [35m0[39m) {
    [31m[1m>[22m[39m[90m 574 |[39m           [36mthrow[39m 
[36mnew[39m [33mError[39m([32m'Pre├ºo deve ser maior que 
zero'[39m)[33m;[39m
     [90m     |[39m                 [31m[1m^[22m[39m
     [90m 575 |[39m         }
     [90m 576 |[39m         [36mif[39m 
([33m![39mdados[33m.[39mcategoria) {
     [90m 577 |[39m           [36mthrow[39m [36mnew[39m 
[33mError[39m([32m'Categoria ├® obrigat├│ria'[39m)[33m;[39m[0m

      at Object.<anonymous> (jest.setup.ts:574:17)
      at Object.criarProduto 
(src/services/__tests__/ProductService.test.ts:54:35)
      at asyncGeneratorStep 
(node_modules/@babel/runtime/helpers/asyncToGenerator.js:3:17)
      at _next (node_modules/@babel/runtime/helpers/asyncToGenerator.js:17:9)
      at node_modules/@babel/runtime/helpers/asyncToGenerator.js:22:7
      at Object.<anonymous> 
(node_modules/@babel/runtime/helpers/asyncToGenerator.js:14:12)

  ÔùÅ ProductService ÔÇ║ criarProduto ÔÇ║ deve rejeitar produto sem categoria

    Categoria ├® obrigat├│ria

    [0m [90m 575 |[39m         }
     [90m 576 |[39m         [36mif[39m 
([33m![39mdados[33m.[39mcategoria) {
    [31m[1m>[22m[39m[90m 577 |[39m           [36mthrow[39m 
[36mnew[39m [33mError[39m([32m'Categoria ├® obrigat├│ria'[39m)[33m;[39m
     [90m     |[39m                 [31m[1m^[22m[39m
     [90m 578 |[39m         }
     [90m 579 |[39m         [36mreturn[39m {
     [90m 580 |[39m           id[33m:[39m 
[32m'prod_123'[39m[33m,[39m[0m

      at Object.<anonymous> (jest.setup.ts:577:17)
      at Object.criarProduto 
(src/services/__tests__/ProductService.test.ts:68:35)
      at asyncGeneratorStep 
(node_modules/@babel/runtime/helpers/asyncToGenerator.js:3:17)
      at _next (node_modules/@babel/runtime/helpers/asyncToGenerator.js:17:9)
      at node_modules/@babel/runtime/helpers/asyncToGenerator.js:22:7
      at Object.<anonymous> 
(node_modules/@babel/runtime/helpers/asyncToGenerator.js:14:12)

  ÔùÅ ProductService ÔÇ║ consultarProduto ÔÇ║ deve retornar erro para produto 
inexistente

    Produto n├úo encontrado

    [0m [90m 601 |[39m           }[33m;[39m
     [90m 602 |[39m         }
    [31m[1m>[22m[39m[90m 603 |[39m         [36mthrow[39m [36mnew[39m 
[33mError[39m([32m'Produto n├úo encontrado'[39m)[33m;[39m
     [90m     |[39m               [31m[1m^[22m[39m
     [90m 604 |[39m       })[33m,[39m
     [90m 605 |[39m       atualizarProduto[33m:[39m 
jest[33m.[39mfn()[33m.[39mmockImplementation((id[33m:[39m any[33m,[39m 
dados[33m:[39m any) [33m=>[39m {
     [90m 606 |[39m         [36mif[39m (id [33m===[39m 
[32m'prod_123'[39m) {[0m

      at Object.<anonymous> (jest.setup.ts:603:15)
      at Object.consultarProduto 
(src/services/__tests__/ProductService.test.ts:86:35)
      at asyncGeneratorStep 
(node_modules/@babel/runtime/helpers/asyncToGenerator.js:3:17)
      at _next (node_modules/@babel/runtime/helpers/asyncToGenerator.js:17:9)
      at node_modules/@babel/runtime/helpers/asyncToGenerator.js:22:7
      at Object.<anonymous> 
(node_modules/@babel/runtime/helpers/asyncToGenerator.js:14:12)

  ÔùÅ ProductService ÔÇ║ atualizarProduto ÔÇ║ deve retornar erro ao tentar 
atualizar produto inexistente

    Produto n├úo encontrado

    [0m [90m 619 |[39m           }[33m;[39m
     [90m 620 |[39m         }
    [31m[1m>[22m[39m[90m 621 |[39m         [36mthrow[39m [36mnew[39m 
[33mError[39m([32m'Produto n├úo encontrado'[39m)[33m;[39m
     [90m     |[39m               [31m[1m^[22m[39m
     [90m 622 |[39m       })[33m,[39m
     [90m 623 |[39m       excluirProduto[33m:[39m 
jest[33m.[39mfn()[33m.[39mmockImplementation((id[33m:[39m any) 
[33m=>[39m {
     [90m 624 |[39m         [36mif[39m (id [33m===[39m 
[32m'prod_123'[39m) {[0m

      at Object.<anonymous> (jest.setup.ts:621:15)
      at Object.atualizarProduto 
(src/services/__tests__/ProductService.test.ts:124:35)
      at asyncGeneratorStep 
(node_modules/@babel/runtime/helpers/asyncToGenerator.js:3:17)
      at _next (node_modules/@babel/runtime/helpers/asyncToGenerator.js:17:9)
      at node_modules/@babel/runtime/helpers/asyncToGenerator.js:22:7
      at Object.<anonymous> 
(node_modules/@babel/runtime/helpers/asyncToGenerator.js:14:12)

  ÔùÅ ProductService ÔÇ║ atualizarProduto ÔÇ║ deve rejeitar atualiza├º├úo com 
pre├ºo negativo

    Pre├ºo deve ser maior que zero

    [0m [90m 606 |[39m         [36mif[39m (id [33m===[39m 
[32m'prod_123'[39m) {
     [90m 607 |[39m           [36mif[39m (dados[33m.[39mpreco 
[33m&&[39m dados[33m.[39mpreco [33m<=[39m [35m0[39m) {
    [31m[1m>[22m[39m[90m 608 |[39m             [36mthrow[39m 
[36mnew[39m [33mError[39m([32m'Pre├ºo deve ser maior que 
zero'[39m)[33m;[39m
     [90m     |[39m                   [31m[1m^[22m[39m
     [90m 609 |[39m           }
     [90m 610 |[39m           [36mreturn[39m {
     [90m 611 |[39m             id[33m:[39m 
[32m'prod_123'[39m[33m,[39m[0m

      at Object.<anonymous> (jest.setup.ts:608:19)
      at Object.atualizarProduto 
(src/services/__tests__/ProductService.test.ts:140:35)
      at asyncGeneratorStep 
(node_modules/@babel/runtime/helpers/asyncToGenerator.js:3:17)
      at _next (node_modules/@babel/runtime/helpers/asyncToGenerator.js:17:9)
      at node_modules/@babel/runtime/helpers/asyncToGenerator.js:22:7
      at Object.<anonymous> 
(node_modules/@babel/runtime/helpers/asyncToGenerator.js:14:12)

  ÔùÅ ProductService ÔÇ║ excluirProduto ÔÇ║ deve retornar erro ao tentar 
excluir produto inexistente

    Produto n├úo encontrado

    [0m [90m 625 |[39m           [36mreturn[39m [36mtrue[39m[33m;[39m
     [90m 626 |[39m         }
    [31m[1m>[22m[39m[90m 627 |[39m         [36mthrow[39m [36mnew[39m 
[33mError[39m([32m'Produto n├úo encontrado'[39m)[33m;[39m
     [90m     |[39m               [31m[1m^[22m[39m
     [90m 628 |[39m       })[33m,[39m
     [90m 629 |[39m       listarProdutos[33m:[39m 
jest[33m.[39mfn()[33m.[39mmockImplementation((filtros[33m:[39m any) 
[33m=>[39m {
     [90m 630 |[39m         [90m// Revertendo para retornar array vazio por 
padr├úo[39m[0m

      at Object.<anonymous> (jest.setup.ts:627:15)
      at Object.excluirProduto 
(src/services/__tests__/ProductService.test.ts:155:35)
      at asyncGeneratorStep 
(node_modules/@babel/runtime/helpers/asyncToGenerator.js:3:17)
      at _next (node_modules/@babel/runtime/helpers/asyncToGenerator.js:17:9)
      at node_modules/@babel/runtime/helpers/asyncToGenerator.js:22:7
      at Object.<anonymous> 
(node_modules/@babel/runtime/helpers/asyncToGenerator.js:14:12)

  ÔùÅ ProductService ÔÇ║ listarProdutos ÔÇ║ deve listar produtos com sucesso

    expect(received).toBeGreaterThan(expected)

    Expected: > 0
    Received:   0

    [0m [90m 171 |[39m       
expect(resultado)[33m.[39mtoBeDefined()[33m;[39m
     [90m 172 |[39m       expect([33mArray[39m[33m.[39misArray(resultado)
)[33m.[39mtoBe([36mtrue[39m)[33m;[39m
    [31m[1m>[22m[39m[90m 173 |[39m       expect(resultado[33m.[39mlengt
h)[33m.[39mtoBeGreaterThan([35m0[39m)[33m;[39m
     [90m     |[39m                                [31m[1m^[22m[39m
     [90m 174 |[39m     })[33m;[39m
     [90m 175 |[39m
     [90m 176 |[39m     it([32m'deve retornar lista vazia quando n├úo h├í 
produtos'[39m[33m,[39m [36masync[39m () [33m=>[39m {[0m

      at Object.toBeGreaterThan 
(src/services/__tests__/ProductService.test.ts:173:32)
      at asyncGeneratorStep 
(node_modules/@babel/runtime/helpers/asyncToGenerator.js:3:17)
      at _next (node_modules/@babel/runtime/helpers/asyncToGenerator.js:17:9)

  ÔùÅ ProductService ÔÇ║ atualizarDisponibilidade ÔÇ║ deve retornar erro ao 
tentar atualizar disponibilidade de produto inexistente

    Produto n├úo encontrado

    [0m [90m 643 |[39m           }[33m;[39m
     [90m 644 |[39m         }
    [31m[1m>[22m[39m[90m 645 |[39m         [36mthrow[39m [36mnew[39m 
[33mError[39m([32m'Produto n├úo encontrado'[39m)[33m;[39m
     [90m     |[39m               [31m[1m^[22m[39m
     [90m 646 |[39m       })[33m,[39m
     [90m 647 |[39m       atualizarPreco[33m:[39m 
jest[33m.[39mfn()[33m.[39mmockImplementation((id[33m:[39m any[33m,[39m 
preco[33m:[39m any) [33m=>[39m {
     [90m 648 |[39m         [36mif[39m (id [33m===[39m 
[32m'prod_123'[39m) {[0m

      at Object.<anonymous> (jest.setup.ts:645:15)
      at Object.atualizarDisponibilidade 
(src/services/__tests__/ProductService.test.ts:204:35)
      at asyncGeneratorStep 
(node_modules/@babel/runtime/helpers/asyncToGenerator.js:3:17)
      at _next (node_modules/@babel/runtime/helpers/asyncToGenerator.js:17:9)
      at node_modules/@babel/runtime/helpers/asyncToGenerator.js:22:7
      at Object.<anonymous> 
(node_modules/@babel/runtime/helpers/asyncToGenerator.js:14:12)

  ÔùÅ ProductService ÔÇ║ atualizarPreco ÔÇ║ deve retornar erro ao tentar 
atualizar pre├ºo de produto inexistente

    Produto n├úo encontrado

    [0m [90m 660 |[39m           }[33m;[39m
     [90m 661 |[39m         }
    [31m[1m>[22m[39m[90m 662 |[39m         [36mthrow[39m [36mnew[39m 
[33mError[39m([32m'Produto n├úo encontrado'[39m)[33m;[39m
     [90m     |[39m               [31m[1m^[22m[39m
     [90m 663 |[39m       })[33m,[39m
     [90m 664 |[39m     })[33m,[39m
     [90m 665 |[39m   }[33m,[39m[0m

      at Object.<anonymous> (jest.setup.ts:662:15)
      at Object.atualizarPreco 
(src/services/__tests__/ProductService.test.ts:223:35)
      at asyncGeneratorStep 
(node_modules/@babel/runtime/helpers/asyncToGenerator.js:3:17)
      at _next (node_modules/@babel/runtime/helpers/asyncToGenerator.js:17:9)
      at node_modules/@babel/runtime/helpers/asyncToGenerator.js:22:7
      at Object.<anonymous> 
(node_modules/@babel/runtime/helpers/asyncToGenerator.js:14:12)

  ÔùÅ ProductService ÔÇ║ atualizarPreco ÔÇ║ deve rejeitar atualiza├º├úo com 
pre├ºo negativo

    Pre├ºo deve ser maior que zero

    [0m [90m 648 |[39m         [36mif[39m (id [33m===[39m 
[32m'prod_123'[39m) {
     [90m 649 |[39m           [36mif[39m (preco [33m<=[39m [35m0[39m) {
    [31m[1m>[22m[39m[90m 650 |[39m             [36mthrow[39m 
[36mnew[39m [33mError[39m([32m'Pre├ºo deve ser maior que 
zero'[39m)[33m;[39m
     [90m     |[39m                   [31m[1m^[22m[39m
     [90m 651 |[39m           }
     [90m 652 |[39m           [36mreturn[39m {
     [90m 653 |[39m             id[33m:[39m 
[32m'prod_123'[39m[33m,[39m[0m

      at Object.<anonymous> (jest.setup.ts:650:19)
      at Object.atualizarPreco 
(src/services/__tests__/ProductService.test.ts:231:35)
      at asyncGeneratorStep 
(node_modules/@babel/runtime/helpers/asyncToGenerator.js:3:17)
      at _next (node_modules/@babel/runtime/helpers/asyncToGenerator.js:17:9)
      at node_modules/@babel/runtime/helpers/asyncToGenerator.js:22:7
      at Object.<anonymous> 
(node_modules/@babel/runtime/helpers/asyncToGenerator.js:14:12)

FAIL src/__tests__/NotificationSettingsScreenV2.test.tsx
  ÔùÅ Test suite failed to run

    Cannot find module 'react-native-vector-icons/MaterialCommunityIcons' from 
'src/__tests__/NotificationSettingsScreenV2.test.tsx'

    [0m [90m 45 |[39m
     [90m 46 |[39m [90m// Mock do react-native-vector-icons[39m
    [31m[1m>[22m[39m[90m 47 |[39m jest[33m.[39mmock([32m'react-native-
vector-icons/MaterialCommunityIcons'[39m[33m,[39m () [33m=>[39m 
[32m'MockIcon'[39m)[33m;[39m
     [90m    |[39m      [31m[1m^[22m[39m
     [90m 48 |[39m
     [90m 49 |[39m [90m// Mock do react-navigation[39m
     [90m 50 |[39m 
jest[33m.[39mmock([32m'@react-navigation/native'[39m[33m,[39m () 
[33m=>[39m ({[0m

      at Resolver._throwModNotFoundError 
(node_modules/jest-resolve/build/resolver.js:427:11)
      at Object.mock (src/__tests__/NotificationSettingsScreenV2.test.tsx:47:6)

FAIL src/services/__tests__/MobileNotificationService.test.ts
  ÔùÅ Test suite failed to run

    Cannot find module '../NotificationSettingsService' from 
'src/services/__tests__/MobileNotificationService.test.ts'

    [0m [90m 43 |[39m [90m// Mock do NotificationSettingsService[39m
     [90m 44 |[39m [36mconst[39m mockShouldReceiveNotification [33m=[39m 
jest[33m.[39mfn()[33m;[39m
    [31m[1m>[22m[39m[90m 45 |[39m 
jest[33m.[39mmock([32m'../NotificationSettingsService'[39m[33m,[39m () 
[33m=>[39m ({
     [90m    |[39m      [31m[1m^[22m[39m
     [90m 46 |[39m   [33mNotificationSettingsService[39m[33m:[39m 
jest[33m.[39mfn()[33m.[39mmockImplementation(() [33m=>[39m ({
     [90m 47 |[39m     shouldReceiveNotification[33m:[39m 
mockShouldReceiveNotification[33m,[39m
     [90m 48 |[39m   }))[33m,[39m[0m

      at Resolver._throwModNotFoundError 
(node_modules/jest-resolve/build/resolver.js:427:11)
      at Object.mock 
(src/services/__tests__/MobileNotificationService.test.ts:45:6)

FAIL src/services/__tests__/NotificationSettingsService.test.ts
  ÔùÅ Test suite failed to run

    Cannot find module '../NotificationSettingsService' from 
'src/services/__tests__/NotificationSettingsService.test.ts'

    [0m[31m[1m>[22m[39m[90m 1 |[39m [36mimport[39m { 
[33mNotificationSettingsService[39m } [36mfrom[39m 
[32m'../NotificationSettingsService'[39m[33m;[39m
     [90m   |[39m [31m[1m^[22m[39m
     [90m 2 |[39m [36mimport[39m { doc[33m,[39m getDoc[33m,[39m 
setDoc[33m,[39m updateDoc } [36mfrom[39m 
[32m'firebase/firestore'[39m[33m;[39m
     [90m 3 |[39m [36mimport[39m { loggingService } [36mfrom[39m 
[32m'../LoggingService'[39m[33m;[39m
     [90m 4 |[39m[0m

      at Resolver._throwModNotFoundError 
(node_modules/jest-resolve/build/resolver.js:427:11)
      at Object.require 
(src/services/__tests__/NotificationSettingsService.test.ts:1:1)

FAIL src/__tests__/e2e/CompraCompleta.test.tsx
  ÔùÅ Test suite failed to run

    Cannot find module '@stripe/stripe-react-native' from 
'src/__tests__/e2e/CompraCompleta.test.tsx'

    [0m [90m 53 |[39m
     [90m 54 |[39m [90m// Mock do Stripe[39m
    [31m[1m>[22m[39m[90m 55 |[39m 
jest[33m.[39mmock([32m'@stripe/stripe-react-native'[39m[33m,[39m () 
[33m=>[39m ({
     [90m    |[39m      [31m[1m^[22m[39m
     [90m 56 |[39m   [33m...[39mjest[33m.[39mrequireActual([32m'@stripe/
stripe-react-native'[39m)[33m,[39m
     [90m 57 |[39m   useStripe[33m:[39m () [33m=>[39m ({
     [90m 58 |[39m     initPaymentSheet[33m:[39m 
jest[33m.[39mfn()[33m.[39mmockResolvedValue({ error[33m:[39m 
[36mnull[39m })[33m,[39m[0m

      at Resolver._throwModNotFoundError 
(node_modules/jest-resolve/build/resolver.js:427:11)
      at Object.mock (src/__tests__/e2e/CompraCompleta.test.tsx:55:6)

FAIL src/services/__tests__/ValidationService.test.ts (15.626 s)
  ÔùÅ ValidationService ÔÇ║ validarCartao ÔÇ║ should validate a valid card

    TypeError: validationService.validarCartao is not a function

    [0m [90m  96 |[39m         nome[33m:[39m [32m'Cliente 
Teste'[39m[33m,[39m
     [90m  97 |[39m       }[33m;[39m
    [31m[1m>[22m[39m[90m  98 |[39m       expect(validationService[33m.[
39mvalidarCartao(cartao))[33m.[39mtoBe([36mtrue[39m)[33m;[39m
     [90m     |[39m                                [31m[1m^[22m[39m
     [90m  99 |[39m     })[33m;[39m
     [90m 100 |[39m
     [90m 101 |[39m     it([32m'deve rejeitar cart├úo com n├║mero 
inv├ílido'[39m[33m,[39m () [33m=>[39m {[0m

      at Object.validarCartao 
(src/services/__tests__/ValidationService.test.ts:98:32)

  ÔùÅ ValidationService ÔÇ║ validarCartao ÔÇ║ deve rejeitar cart├úo com 
n├║mero inv├ílido

    TypeError: validationService.validarCartao is not a function

    [0m [90m 106 |[39m         nome[33m:[39m [32m'Cliente 
Teste'[39m[33m,[39m
     [90m 107 |[39m       }[33m;[39m
    [31m[1m>[22m[39m[90m 108 |[39m       expect(validationService[33m.[
39mvalidarCartao(cartao))[33m.[39mtoBe([36mfalse[39m)[33m;[39m
     [90m     |[39m                                [31m[1m^[22m[39m
     [90m 109 |[39m     })[33m;[39m
     [90m 110 |[39m
     [90m 111 |[39m     it([32m'deve rejeitar cart├úo com data de 
expira├º├úo inv├ílida'[39m[33m,[39m () [33m=>[39m {[0m

      at Object.validarCartao 
(src/services/__tests__/ValidationService.test.ts:108:32)

  ÔùÅ ValidationService ÔÇ║ validarCartao ÔÇ║ deve rejeitar cart├úo com data 
de expira├º├úo inv├ílida

    TypeError: validationService.validarCartao is not a function

    [0m [90m 116 |[39m         nome[33m:[39m [32m'Cliente 
Teste'[39m[33m,[39m
     [90m 117 |[39m       }[33m;[39m
    [31m[1m>[22m[39m[90m 118 |[39m       expect(validationService[33m.[
39mvalidarCartao(cartao))[33m.[39mtoBe([36mfalse[39m)[33m;[39m
     [90m     |[39m                                [31m[1m^[22m[39m
     [90m 119 |[39m     })[33m;[39m
     [90m 120 |[39m
     [90m 121 |[39m     it([32m'deve rejeitar cart├úo com CVV 
inv├ílido'[39m[33m,[39m () [33m=>[39m {[0m

      at Object.validarCartao 
(src/services/__tests__/ValidationService.test.ts:118:32)

  ÔùÅ ValidationService ÔÇ║ validarCartao ÔÇ║ deve rejeitar cart├úo com CVV 
inv├ílido

    TypeError: validationService.validarCartao is not a function

    [0m [90m 126 |[39m         nome[33m:[39m [32m'Cliente 
Teste'[39m[33m,[39m
     [90m 127 |[39m       }[33m;[39m
    [31m[1m>[22m[39m[90m 128 |[39m       expect(validationService[33m.[
39mvalidarCartao(cartao))[33m.[39mtoBe([36mfalse[39m)[33m;[39m
     [90m     |[39m                                [31m[1m^[22m[39m
     [90m 129 |[39m     })[33m;[39m
     [90m 130 |[39m
     [90m 131 |[39m     it([32m'deve rejeitar cart├úo sem 
nome'[39m[33m,[39m () [33m=>[39m {[0m

      at Object.validarCartao 
(src/services/__tests__/ValidationService.test.ts:128:32)

  ÔùÅ ValidationService ÔÇ║ validarCartao ÔÇ║ deve rejeitar cart├úo sem nome

    TypeError: validationService.validarCartao is not a function

    [0m [90m 136 |[39m         nome[33m:[39m [32m''[39m[33m,[39m
     [90m 137 |[39m       }[33m;[39m
    [31m[1m>[22m[39m[90m 138 |[39m       expect(validationService[33m.[
39mvalidarCartao(cartao))[33m.[39mtoBe([36mfalse[39m)[33m;[39m
     [90m     |[39m                                [31m[1m^[22m[39m
     [90m 139 |[39m     })[33m;[39m
     [90m 140 |[39m
     [90m 141 |[39m     it([32m'should reject a null card'[39m[33m,[39m 
() [33m=>[39m {[0m

      at Object.validarCartao 
(src/services/__tests__/ValidationService.test.ts:138:32)

  ÔùÅ ValidationService ÔÇ║ validarCartao ÔÇ║ should reject a null card

    TypeError: validationService.validarCartao is not a function

    [0m [90m 141 |[39m     it([32m'should reject a null 
card'[39m[33m,[39m () [33m=>[39m {
     [90m 142 |[39m       [36mconst[39m cartao [33m=[39m 
[36mnull[39m[33m;[39m
    [31m[1m>[22m[39m[90m 143 |[39m       expect(validationService[33m.[
39mvalidarCartao(cartao))[33m.[39mtoBe([36mfalse[39m)[33m;[39m
     [90m     |[39m                                [31m[1m^[22m[39m
     [90m 144 |[39m     })[33m;[39m
     [90m 145 |[39m   })[33m;[39m
     [90m 146 |[39m[0m

      at Object.validarCartao 
(src/services/__tests__/ValidationService.test.ts:143:32)

  ÔùÅ ValidationService ÔÇ║ validateAddress ÔÇ║ should reject an address 
without neighborhood

    expect(received).toBe(expected) // Object.is equality

    Expected: true
    Received: false

    [0m [90m 196 |[39m       [90m// O mock atual n├úo valida 
'neighborhood', ent├úo este teste pode precisar ser revisto[39m
     [90m 197 |[39m       [90m// 
expect(validationService.validateAddress(endereco)).toBe(false);[39m
    [31m[1m>[22m[39m[90m 198 |[39m       expect(validationService[33m.[
39mvalidateAddress(endereco))[33m.[39mtoBe([36mtrue[39m)[33m;[39m 
[90m// Mock atual n├úo valida bairro[39m
     [90m     |[39m                                                          
 [31m[1m^[22m[39m
     [90m 199 |[39m     })[33m;[39m
     [90m 200 |[39m
     [90m 201 |[39m     it([32m'should reject an address without 
city'[39m[33m,[39m () [33m=>[39m {[0m

      at Object.toBe (src/services/__tests__/ValidationService.test.ts:198:59)

  ÔùÅ ValidationService ÔÇ║ validarCliente ÔÇ║ should validate a valid client

    TypeError: validationService.validarCliente is not a function

    [0m [90m 251 |[39m         telefone[33m:[39m [32m'(11) 
99999-9999'[39m[33m,[39m
     [90m 252 |[39m       }[33m;[39m
    [31m[1m>[22m[39m[90m 253 |[39m       expect(validationService[33m.[
39mvalidarCliente(cliente))[33m.[39mtoBe([36mtrue[39m)[33m;[39m
     [90m     |[39m                                [31m[1m^[22m[39m
     [90m 254 |[39m     })[33m;[39m
     [90m 255 |[39m
     [90m 256 |[39m     it([32m'deve rejeitar cliente sem 
nome'[39m[33m,[39m () [33m=>[39m {[0m

      at Object.validarCliente 
(src/services/__tests__/ValidationService.test.ts:253:32)

  ÔùÅ ValidationService ÔÇ║ validarCliente ÔÇ║ deve rejeitar cliente sem nome

    TypeError: validationService.validarCliente is not a function

    [0m [90m 259 |[39m         telefone[33m:[39m [32m'(11) 
99999-9999'[39m[33m,[39m
     [90m 260 |[39m       }[33m;[39m
    [31m[1m>[22m[39m[90m 261 |[39m       expect(validationService[33m.[
39mvalidarCliente(cliente))[33m.[39mtoBe([36mfalse[39m)[33m;[39m
     [90m     |[39m                                [31m[1m^[22m[39m
     [90m 262 |[39m     })[33m;[39m
     [90m 263 |[39m
     [90m 264 |[39m     it([32m'deve rejeitar cliente com email 
inv├ílido'[39m[33m,[39m () [33m=>[39m {[0m

      at Object.validarCliente 
(src/services/__tests__/ValidationService.test.ts:261:32)

  ÔùÅ ValidationService ÔÇ║ validarCliente ÔÇ║ deve rejeitar cliente com email 
inv├ílido

    TypeError: validationService.validarCliente is not a function

    [0m [90m 268 |[39m         telefone[33m:[39m [32m'(11) 
99999-9999'[39m[33m,[39m
     [90m 269 |[39m       }[33m;[39m
    [31m[1m>[22m[39m[90m 270 |[39m       expect(validationService[33m.[
39mvalidarCliente(cliente))[33m.[39mtoBe([36mfalse[39m)[33m;[39m
     [90m     |[39m                                [31m[1m^[22m[39m
     [90m 271 |[39m     })[33m;[39m
     [90m 272 |[39m
     [90m 273 |[39m     it([32m'deve rejeitar cliente com telefone 
inv├ílido'[39m[33m,[39m () [33m=>[39m {[0m

      at Object.validarCliente 
(src/services/__tests__/ValidationService.test.ts:270:32)

  ÔùÅ ValidationService ÔÇ║ validarCliente ÔÇ║ deve rejeitar cliente com 
telefone inv├ílido

    TypeError: validationService.validarCliente is not a function

    [0m [90m 277 |[39m         telefone[33m:[39m 
[32m'123'[39m[33m,[39m
     [90m 278 |[39m       }[33m;[39m
    [31m[1m>[22m[39m[90m 279 |[39m       expect(validationService[33m.[
39mvalidarCliente(cliente))[33m.[39mtoBe([36mfalse[39m)[33m;[39m
     [90m     |[39m                                [31m[1m^[22m[39m
     [90m 280 |[39m     })[33m;[39m
     [90m 281 |[39m
     [90m 282 |[39m     it([32m'should reject a null 
client'[39m[33m,[39m () [33m=>[39m {[0m

      at Object.validarCliente 
(src/services/__tests__/ValidationService.test.ts:279:32)

  ÔùÅ ValidationService ÔÇ║ validarCliente ÔÇ║ should reject a null client

    TypeError: validationService.validarCliente is not a function

    [0m [90m 282 |[39m     it([32m'should reject a null 
client'[39m[33m,[39m () [33m=>[39m {
     [90m 283 |[39m       [36mconst[39m cliente [33m=[39m 
[36mnull[39m[33m;[39m
    [31m[1m>[22m[39m[90m 284 |[39m       expect(validationService[33m.[
39mvalidarCliente(cliente))[33m.[39mtoBe([36mfalse[39m)[33m;[39m
     [90m     |[39m                                [31m[1m^[22m[39m
     [90m 285 |[39m     })[33m;[39m
     [90m 286 |[39m   })[33m;[39m
     [90m 287 |[39m[0m

      at Object.validarCliente 
(src/services/__tests__/ValidationService.test.ts:284:32)

  ÔùÅ ValidationService ÔÇ║ validatePasswordStrength ÔÇ║ should validate a 
strong password

    TypeError: validationService.validatePasswordStrength is not a function

    [0m [90m 288 |[39m   
describe([32m'validatePasswordStrength'[39m[33m,[39m () [33m=>[39m {
     [90m 289 |[39m     it([32m'should validate a strong 
password'[39m[33m,[39m () [33m=>[39m {
    [31m[1m>[22m[39m[90m 290 |[39m       expect(validationService[33m.[
39mvalidatePasswordStrength([32m'senhaForte123'[39m))[33m.[39mtoBe([36mtru
e[39m)[33m;[39m
     [90m     |[39m                                [31m[1m^[22m[39m
     [90m 291 |[39m     })[33m;[39m
     [90m 292 |[39m
     [90m 293 |[39m     it([32m'should reject a weak 
password'[39m[33m,[39m () [33m=>[39m {[0m

      at Object.validatePasswordStrength 
(src/services/__tests__/ValidationService.test.ts:290:32)

  ÔùÅ ValidationService ÔÇ║ validatePasswordStrength ÔÇ║ should reject a weak 
password

    TypeError: validationService.validatePasswordStrength is not a function

    [0m [90m 292 |[39m
     [90m 293 |[39m     it([32m'should reject a weak 
password'[39m[33m,[39m () [33m=>[39m {
    [31m[1m>[22m[39m[90m 294 |[39m       expect(validationService[33m.[
39mvalidatePasswordStrength([32m'fraca'[39m))[33m.[39mtoBe([36mfalse[39m)
[33m;[39m
     [90m     |[39m                                [31m[1m^[22m[39m
     [90m 295 |[39m     })[33m;[39m
     [90m 296 |[39m   })[33m;[39m
     [90m 297 |[39m[0m

      at Object.validatePasswordStrength 
(src/services/__tests__/ValidationService.test.ts:294:32)

  ÔùÅ ValidationService ÔÇ║ validateCPF ÔÇ║ should validate a valid CPF

    expect(received).toBe(expected) // Object.is equality

    Expected: true
    Received: false

    [0m [90m 298 |[39m   describe([32m'validateCPF'[39m[33m,[39m () 
[33m=>[39m {
     [90m 299 |[39m     it([32m'should validate a valid 
CPF'[39m[33m,[39m () [33m=>[39m {
    [31m[1m>[22m[39m[90m 300 |[39m       expect(validationService[33m.[
39mvalidateCPF([32m'12345678901'[39m))[33m.[39mtoBe([36mtrue[39m)[33m;[
39m
     [90m     |[39m                                                          
  [31m[1m^[22m[39m
     [90m 301 |[39m     })[33m;[39m
     [90m 302 |[39m
     [90m 303 |[39m     it([32m'should reject an invalid 
CPF'[39m[33m,[39m () [33m=>[39m {[0m

      at Object.toBe (src/services/__tests__/ValidationService.test.ts:300:60)

FAIL src/__tests__/screens/NotificationSettingsScreenV2.test.tsx
  ÔùÅ Test suite failed to run

    Cannot find module '../../../hooks/useNotificationSettingsV2' from 
'src/__tests__/screens/NotificationSettingsScreenV2.test.tsx'

    [0m [90m  6 |[39m
     [90m  7 |[39m [90m// Mock do hook useNotificationSettingsV2[39m
    [31m[1m>[22m[39m[90m  8 |[39m jest[33m.[39mmock([32m'../../../hook
s/useNotificationSettingsV2'[39m[33m,[39m () [33m=>[39m ({
     [90m    |[39m                                                       
[31m[1m^[22m[39m
     [90m  9 |[39m   useNotificationSettingsV2[33m:[39m 
jest[33m.[39mfn()[33m,[39m
     [90m 10 |[39m }))[33m;[39m
     [90m 11 |[39m[0m

      at Resolver._throwModNotFoundError 
(node_modules/jest-resolve/build/resolver.js:427:11)
      at Object.<anonymous> 
(src/__tests__/screens/NotificationSettingsScreenV2.test.tsx:8:55)

FAIL src/services/__tests__/AuthService.test.ts
  ÔùÅ Test suite failed to run

    Cannot find module 'jsonwebtoken' from 'src/services/AuthService.ts'

    Require stack:
      src/services/AuthService.ts
      src/services/__tests__/AuthService.test.ts

    [0m [90m 1 |[39m [36mimport[39m { [33mValidationService[39m } 
[36mfrom[39m [32m'./validationService'[39m[33m;[39m
     [90m 2 |[39m [36mimport[39m bcrypt [36mfrom[39m 
[32m'bcryptjs'[39m[33m;[39m
    [31m[1m>[22m[39m[90m 3 |[39m [36mimport[39m jwt [36mfrom[39m 
[32m'jsonwebtoken'[39m[33m;[39m
     [90m   |[39m [31m[1m^[22m[39m
     [90m 4 |[39m [36mimport[39m { auth[33m,[39m db } [36mfrom[39m 
[32m'../config/firebase'[39m[33m;[39m
     [90m 5 |[39m [36mimport[39m {
     [90m 6 |[39m   applyActionCode[33m,[39m[0m

      at Resolver._throwModNotFoundError 
(node_modules/jest-resolve/build/resolver.js:427:11)
      at Object.require (src/services/AuthService.ts:3:1)
      at Object.require (src/services/__tests__/AuthService.test.ts:1:1)

FAIL src/__tests__/useNotificationSettingsV2.test.tsx
  ÔùÅ Test suite failed to run

    Could not auto-detect a React renderer. Are you sure you've installed one 
of the following
      - react-dom
      - react-test-renderer
    If you are using a bundler, please update your imports to use a specific 
renderer.
    For instructions see: 
https://react-hooks-testing-library.com/installation#being-specific

    [0m[31m[1m>[22m[39m[90m 1 |[39m [36mimport[39m { 
renderHook[33m,[39m act } [36mfrom[39m 
[32m'@testing-library/react-hooks'[39m[33m;[39m
     [90m   |[39m [31m[1m^[22m[39m
     [90m 2 |[39m [36mimport[39m { useNotificationSettingsV2 } 
[36mfrom[39m [32m'../hooks/useNotificationSettingsV2'[39m[33m;[39m
     [90m 3 |[39m [36mimport[39m { 
[33mNotificationSettingsServiceWithCacheV2[39m } [36mfrom[39m 
[32m'../services/NotificationSettingsServiceWithCacheV2'[39m[33m;[39m
     [90m 4 |[39m [36mimport[39m { [33mAuthContext[39m } [36mfrom[39m 
[32m'../contexts/AuthContext'[39m[33m;[39m[0m

      at getRenderer 
(node_modules/@testing-library/react-hooks/lib/pure.js:59:11)
      at Object.<anonymous> 
(node_modules/@testing-library/react-hooks/lib/pure.js:70:5)
      at Object.<anonymous> 
(node_modules/@testing-library/react-hooks/lib/index.js:11:13)
      at Object.require (src/__tests__/useNotificationSettingsV2.test.tsx:1:1)

FAIL src/__tests__/integration/stripe.routes.test.ts
  ÔùÅ Test suite failed to run

    Cannot find module 'supertest' from 
'src/__tests__/integration/stripe.routes.test.ts'

    [0m[31m[1m>[22m[39m[90m 1 |[39m [36mimport[39m request 
[36mfrom[39m [32m'supertest'[39m[33m;[39m
     [90m   |[39m [31m[1m^[22m[39m
     [90m 2 |[39m [36mimport[39m express [36mfrom[39m 
[32m'express'[39m[33m;[39m
     [90m 3 |[39m [36mimport[39m jwt [36mfrom[39m 
[32m'jsonwebtoken'[39m[33m;[39m
     [90m 4 |[39m [36mimport[39m [33mStripe[39m [36mfrom[39m 
[32m'stripe'[39m[33m;[39m[0m

      at Resolver._throwModNotFoundError 
(node_modules/jest-resolve/build/resolver.js:427:11)
      at Object.require (src/__tests__/integration/stripe.routes.test.ts:1:1)

FAIL src/__tests__/integration/CacheIntegration.test.ts
  ÔùÅ Test suite failed to run

    Cannot find module '@react-native-community/netinfo' from 
'src/__tests__/integration/CacheIntegration.test.ts'

    [0m [90m  7 |[39m
     [90m  8 |[39m [90m// Mock dependencies[39m
    [31m[1m>[22m[39m[90m  9 |[39m 
jest[33m.[39mmock([32m'@react-native-community/netinfo'[39m[33m,[39m () 
[33m=>[39m ({
     [90m    |[39m      [31m[1m^[22m[39m
     [90m 10 |[39m   addEventListener[33m:[39m 
jest[33m.[39mfn()[33m,[39m
     [90m 11 |[39m   fetch[33m:[39m jest[33m.[39mfn[33m<[39m[33many[3
9m[33m>[39m()[33m.[39mmockResolvedValue({ isConnected[33m:[39m 
[36mtrue[39m })[33m,[39m
     [90m 12 |[39m }))[33m;[39m[0m

      at Resolver._throwModNotFoundError 
(node_modules/jest-resolve/build/resolver.js:427:11)
      at Object.mock (src/__tests__/integration/CacheIntegration.test.ts:9:6)

FAIL src/__tests__/e2e/FluxoCompraCompleto.test.tsx
  ÔùÅ Test suite failed to run

    Cannot find module '@stripe/stripe-react-native' from 
'src/__tests__/e2e/FluxoCompraCompleto.test.tsx'

    [0m [90m 134 |[39m
     [90m 135 |[39m [90m// Mock do Stripe[39m
    [31m[1m>[22m[39m[90m 136 |[39m 
jest[33m.[39mmock([32m'@stripe/stripe-react-native'[39m[33m,[39m () 
[33m=>[39m ({
     [90m     |[39m      [31m[1m^[22m[39m
     [90m 137 |[39m   [33m...[39mjest[33m.[39mrequireActual([32m'@stripe
/stripe-react-native'[39m)[33m,[39m
     [90m 138 |[39m   useStripe[33m:[39m () [33m=>[39m ({
     [90m 139 |[39m     initPaymentSheet[33m:[39m 
jest[33m.[39mfn()[33m.[39mmockResolvedValue({ error[33m:[39m 
[36mnull[39m })[33m,[39m[0m

      at Resolver._throwModNotFoundError 
(node_modules/jest-resolve/build/resolver.js:427:11)
      at Object.mock (src/__tests__/e2e/FluxoCompraCompleto.test.tsx:136:6)

FAIL src/__tests__/integration/SecurityIntegration.test.ts
  ÔùÅ Test suite failed to run

    Cannot find module 'expo-crypto' from 
'src/__tests__/integration/SecurityIntegration.test.ts'

    [0m [90m 16 |[39m
     [90m 17 |[39m [90m// Mock para expo-crypto[39m
    [31m[1m>[22m[39m[90m 18 |[39m 
jest[33m.[39mmock([32m'expo-crypto'[39m[33m,[39m () [33m=>[39m ({
     [90m    |[39m      [31m[1m^[22m[39m
     [90m 19 |[39m   digestStringAsync[33m:[39m 
jest[33m.[39mfn()[33m,[39m
     [90m 20 |[39m   [33mCryptoDigestAlgorithm[39m[33m:[39m {
     [90m 21 |[39m     [33mSHA256[39m[33m:[39m 
[32m'SHA-256'[39m[33m,[39m[0m

      at Resolver._throwModNotFoundError 
(node_modules/jest-resolve/build/resolver.js:427:11)
      at Object.mock 
(src/__tests__/integration/SecurityIntegration.test.ts:18:6)

FAIL src/__tests__/services/PaymentService.test.ts
  ÔùÅ Test suite failed to run

    Cannot find module '@prisma/client' from 
'src/__tests__/services/PaymentService.test.ts'

    [0m [90m  6 |[39m
     [90m  7 |[39m [90m// Mock do PrismaClient[39m
    [31m[1m>[22m[39m[90m  8 |[39m 
jest[33m.[39mmock([32m'@prisma/client'[39m[33m,[39m () [33m=>[39m ({
     [90m    |[39m      [31m[1m^[22m[39m
     [90m  9 |[39m   [33mPrismaClient[39m[33m:[39m 
jest[33m.[39mfn()[33m.[39mmockImplementation(() [33m=>[39m ({
     [90m 10 |[39m     payment[33m:[39m {
     [90m 11 |[39m       create[33m:[39m jest[33m.[39mfn()[33m,[39m[0m

      at Resolver._throwModNotFoundError 
(node_modules/jest-resolve/build/resolver.js:427:11)
      at Object.mock (src/__tests__/services/PaymentService.test.ts:8:6)

FAIL src/__tests__/e2e/TermosDeUso.test.tsx
  ÔùÅ Test suite failed to run

    Cannot find module 'scheduler/unstable_mock' from 
'node_modules/react-test-renderer/cjs/react-test-renderer.development.js'

    Require stack:
      node_modules/react-test-renderer/cjs/react-test-renderer.development.js
      node_modules/react-test-renderer/index.js
      node_modules/@testing-library/react-native/build/act.js
      node_modules/@testing-library/react-native/build/pure.js
      node_modules/@testing-library/react-native/build/index.js
      src/__tests__/e2e/TermosDeUso.test.tsx

    [0m [90m 1 |[39m [36mimport[39m [33mReact[39m [36mfrom[39m 
[32m'react'[39m[33m;[39m
    [31m[1m>[22m[39m[90m 2 |[39m [36mimport[39m { render[33m,[39m 
fireEvent[33m,[39m waitFor } [36mfrom[39m 
[32m'@testing-library/react-native'[39m[33m;[39m
     [90m   |[39m [31m[1m^[22m[39m
     [90m 3 |[39m [36mimport[39m { [33mTermsOfUseScreen[39m } 
[36mfrom[39m [32m'../../screens/TermsOfUseScreen'[39m[33m;[39m
     [90m 4 |[39m [36mimport[39m { useNavigation } [36mfrom[39m 
[32m'@react-navigation/native'[39m[33m;[39m
     [90m 5 |[39m[0m

      at Resolver._throwModNotFoundError 
(node_modules/jest-resolve/build/resolver.js:427:11)
      at 
node_modules/react-test-renderer/cjs/react-test-renderer.development.js:18:17
      at Object.<anonymous> (node_modules/react-test-renderer/cjs/react-test-re
nderer.development.js:18641:5)
      at Object.<anonymous> (node_modules/react-test-renderer/index.js:6:20)
      at Object.require 
(node_modules/@testing-library/react-native/src/act.ts:3:1)
      at Object.require 
(node_modules/@testing-library/react-native/src/pure.ts:1:1)
      at Object.require 
(node_modules/@testing-library/react-native/src/index.ts:1:1)
      at Object.require (src/__tests__/e2e/TermosDeUso.test.tsx:2:1)

FAIL src/__tests__/e2e/App.test.tsx
  ÔùÅ Test suite failed to run

    Cannot find module 'scheduler/unstable_mock' from 
'node_modules/react-test-renderer/cjs/react-test-renderer.development.js'

    Require stack:
      node_modules/react-test-renderer/cjs/react-test-renderer.development.js
      node_modules/react-test-renderer/index.js
      node_modules/@testing-library/react-native/build/act.js
      node_modules/@testing-library/react-native/build/pure.js
      node_modules/@testing-library/react-native/build/index.js
      src/__tests__/e2e/App.test.tsx

    [0m [90m 1 |[39m [36mimport[39m [33mReact[39m [36mfrom[39m 
[32m'react'[39m[33m;[39m
    [31m[1m>[22m[39m[90m 2 |[39m [36mimport[39m { render[33m,[39m 
fireEvent[33m,[39m waitFor } [36mfrom[39m 
[32m'@testing-library/react-native'[39m[33m;[39m
     [90m   |[39m [31m[1m^[22m[39m
     [90m 3 |[39m [36mimport[39m [33mApp[39m [36mfrom[39m 
[32m'../../App'[39m[33m;[39m
     [90m 4 |[39m [36mimport[39m { [33mAuthProvider[39m } [36mfrom[39m 
[32m'../../contexts/AuthContext'[39m[33m;[39m
     [90m 5 |[39m[0m

      at Resolver._throwModNotFoundError 
(node_modules/jest-resolve/build/resolver.js:427:11)
      at 
node_modules/react-test-renderer/cjs/react-test-renderer.development.js:18:17
      at Object.<anonymous> (node_modules/react-test-renderer/cjs/react-test-re
nderer.development.js:18641:5)
      at Object.<anonymous> (node_modules/react-test-renderer/index.js:6:20)
      at Object.require 
(node_modules/@testing-library/react-native/src/act.ts:3:1)
      at Object.require 
(node_modules/@testing-library/react-native/src/pure.ts:1:1)
      at Object.require 
(node_modules/@testing-library/react-native/src/index.ts:1:1)
      at Object.require (src/__tests__/e2e/App.test.tsx:2:1)

FAIL src/__tests__/integration/PerformanceMonitoring.test.ts
  ÔùÅ Test suite failed to run

    TypeError: Cannot read properties of undefined (reading 'toString')

    [0m [90m 51 |[39m         platform[33m:[39m 
[33mPlatform[39m[33m.[39m[33mOS[39m[33m,[39m
     [90m 52 |[39m         model[33m:[39m 
[33mPlatform[39m[33m.[39m[33mOS[39m [33m===[39m [32m'ios'[39m 
[33m?[39m [32m'iPhone'[39m [33m:[39m [32m'Android'[39m[33m,[39m
    [31m[1m>[22m[39m[90m 53 |[39m         osVersion[33m:[39m 
[33mPlatform[39m[33m.[39m[33mVersion[39m[33m.[39mtoString()[33m,[39m
     [90m    |[39m                                     [31m[1m^[22m[39m
     [90m 54 |[39m       }
     [90m 55 |[39m     }[33m;[39m
     [90m 56 |[39m     [36mthis[39m[33m.[39muserInteractions [33m=[39m 
[36mnew[39m [33mMap[39m()[33m;[39m[0m

      at new toString (src/services/PerformanceService.ts:53:37)
      at Function.getInstance (src/services/PerformanceService.ts:67:37)
      at Object.getInstance (src/services/PerformanceService.ts:423:54)
      at Object.require 
(src/__tests__/integration/PerformanceMonitoring.test.ts:1:1)

FAIL src/services/__tests__/NotificationService.test.ts
  ÔùÅ Test suite failed to run

    Cannot find module 'uuid' from 
'node_modules/expo-notifications/build/presentNotificationAsync.js'

    Require stack:
      node_modules/expo-notifications/build/presentNotificationAsync.js
      node_modules/expo-notifications/build/index.js
      src/services/PushNotificationService.ts
      src/services/NotificationService.ts
      src/services/__tests__/NotificationService.test.ts

    [0m[31m[1m>[22m[39m[90m 1 |[39m [36mimport[39m [33m*[39m 
[36mas[39m [33mNotifications[39m [36mfrom[39m 
[32m'expo-notifications'[39m[33m;[39m
     [90m   |[39m [31m[1m^[22m[39m
     [90m 2 |[39m [36mimport[39m [33m*[39m [36mas[39m [33mDevice[39m 
[36mfrom[39m [32m'../compat/expoDevice'[39m[33m;[39m
     [90m 3 |[39m [36mimport[39m { [33mPlatform[39m } [36mfrom[39m 
[32m'react-native'[39m[33m;[39m
     [90m 4 |[39m [36mimport[39m { db } [36mfrom[39m 
[32m'../config/firebase'[39m[33m;[39m[0m

      at Resolver._throwModNotFoundError 
(node_modules/jest-resolve/build/resolver.js:427:11)
      at Object.require 
(node_modules/expo-notifications/src/presentNotificationAsync.ts:2:1)
      at Object.require (node_modules/expo-notifications/src/index.ts:5:1)
      at Object.require (src/services/PushNotificationService.ts:1:1)
      at Object.require (src/services/NotificationService.ts:22:1)
      at Object.require 
(src/services/__tests__/NotificationService.test.ts:1:1)


Test Suites: 20 failed, 6 passed, 26 total
Tests:       30 failed, 70 passed, 100 total
Snapshots:   0 total
Time:        61.717 s
Ran all test suites.
